[    0.000000] Initializing cgroup subsys cpuset
[    0.000000] Initializing cgroup subsys cpu
[    0.000000] Initializing cgroup subsys cpuacct
[    0.000000] Linux version 4.4.0-166-generic (buildd@lcy01-amd64-020) (gcc version 5.4.0 20160609 (Ubuntu 5.4.0-6ubuntu1~16.04.10) ) #195-Ubuntu SMP Tue Oct 1 09:35:25 UTC 2019 (Ubuntu 4.4.0-166.195-generic 4.4.194)
[    0.000000] Command line: BOOT_IMAGE=/boot/vmlinuz-4.4.0-166-generic root=LABEL=cloudimg-rootfs ro console=tty1 console=ttyS0
[    0.000000] KERNEL supported cpus:
[    0.000000]   Intel GenuineIntel
[    0.000000]   AMD AuthenticAMD
[    0.000000]   Centaur CentaurHauls
[    0.000000] x86/fpu: xstate_offset[2]:  576, xstate_sizes[2]:  256
[    0.000000] x86/fpu: Supporting XSAVE feature 0x01: 'x87 floating point registers'
[    0.000000] x86/fpu: Supporting XSAVE feature 0x02: 'SSE registers'
[    0.000000] x86/fpu: Supporting XSAVE feature 0x04: 'AVX registers'
[    0.000000] x86/fpu: Enabled xstate features 0x7, context size is 832 bytes, using 'standard' format.
[    0.000000] e820: BIOS-provided physical RAM map:
[    0.000000] BIOS-e820: [mem 0x0000000000000000-0x000000000009fbff] usable
[    0.000000] BIOS-e820: [mem 0x000000000009fc00-0x000000000009ffff] reserved
[    0.000000] BIOS-e820: [mem 0x00000000000f0000-0x00000000000fffff] reserved
[    0.000000] BIOS-e820: [mem 0x0000000000100000-0x000000007ffeffff] usable
[    0.000000] BIOS-e820: [mem 0x000000007fff0000-0x000000007fffffff] ACPI data
[    0.000000] BIOS-e820: [mem 0x00000000fec00000-0x00000000fec00fff] reserved
[    0.000000] BIOS-e820: [mem 0x00000000fee00000-0x00000000fee00fff] reserved
[    0.000000] BIOS-e820: [mem 0x00000000fffc0000-0x00000000ffffffff] reserved
[    0.000000] NX (Execute Disable) protection: active
[    0.000000] SMBIOS 2.5 present.
[    0.000000] Hypervisor detected: KVM
[    0.000000] e820: last_pfn = 0x7fff0 max_arch_pfn = 0x400000000
[    0.000000] MTRR: Disabled
[    0.000000] x86/PAT: MTRRs disabled, skipping PAT initialization too.
[    0.000000] CPU MTRRs all blank - virtualized system.
[    0.000000] x86/PAT: Configuration [0-7]: WB  WT  UC- UC  WB  WT  UC- UC  
[    0.000000] found SMP MP-table at [mem 0x0009fff0-0x0009ffff] mapped at [ffff88000009fff0]
[    0.000000] Scanning 1 areas for low memory corruption
[    0.000000] RAMDISK: [mem 0x362f6000-0x37172fff]
[    0.000000] ACPI: Early table checksum verification disabled
[    0.000000] ACPI: RSDP 0x00000000000E0000 000024 (v02 VBOX  )
[    0.000000] ACPI: XSDT 0x000000007FFF0030 00003C (v01 VBOX   VBOXXSDT 00000001 ASL  00000061)
[    0.000000] ACPI: FACP 0x000000007FFF00F0 0000F4 (v04 VBOX   VBOXFACP 00000001 ASL  00000061)
[    0.000000] ACPI: DSDT 0x000000007FFF0470 0022EA (v02 VBOX   VBOXBIOS 00000002 INTL 20100528)
[    0.000000] ACPI: FACS 0x000000007FFF0200 000040
[    0.000000] ACPI: FACS 0x000000007FFF0200 000040
[    0.000000] ACPI: APIC 0x000000007FFF0240 00005C (v02 VBOX   VBOXAPIC 00000001 ASL  00000061)
[    0.000000] ACPI: SSDT 0x000000007FFF02A0 0001CC (v01 VBOX   VBOXCPUT 00000002 INTL 20100528)
[    0.000000] No NUMA configuration found
[    0.000000] Faking a node at [mem 0x0000000000000000-0x000000007ffeffff]
[    0.000000] NODE_DATA(0) allocated [mem 0x7ffeb000-0x7ffeffff]
[    0.000000] kvm-clock: Using msrs 4b564d01 and 4b564d00
[    0.000000] kvm-clock: cpu 0, msr 0:7ffe3001, primary cpu clock
[    0.000000] kvm-clock: using sched offset of 3499469411 cycles
[    0.000000] clocksource: kvm-clock: mask: 0xffffffffffffffff max_cycles: 0x1cd42e4dffb, max_idle_ns: 881590591483 ns
[    0.000000] Zone ranges:
[    0.000000]   DMA      [mem 0x0000000000001000-0x0000000000ffffff]
[    0.000000]   DMA32    [mem 0x0000000001000000-0x000000007ffeffff]
[    0.000000]   Normal   empty
[    0.000000]   Device   empty
[    0.000000] Movable zone start for each node
[    0.000000] Early memory node ranges
[    0.000000]   node   0: [mem 0x0000000000001000-0x000000000009efff]
[    0.000000]   node   0: [mem 0x0000000000100000-0x000000007ffeffff]
[    0.000000] Initmem setup node 0 [mem 0x0000000000001000-0x000000007ffeffff]
[    0.000000] ACPI: PM-Timer IO Port: 0x4008
[    0.000000] IOAPIC[0]: apic_id 2, version 32, address 0xfec00000, GSI 0-23
[    0.000000] ACPI: INT_SRC_OVR (bus 0 bus_irq 0 global_irq 2 dfl dfl)
[    0.000000] ACPI: INT_SRC_OVR (bus 0 bus_irq 9 global_irq 9 low level)
[    0.000000] Using ACPI (MADT) for SMP configuration information
[    0.000000] smpboot: Allowing 2 CPUs, 0 hotplug CPUs
[    0.000000] PM: Registered nosave memory: [mem 0x00000000-0x00000fff]
[    0.000000] PM: Registered nosave memory: [mem 0x0009f000-0x0009ffff]
[    0.000000] PM: Registered nosave memory: [mem 0x000a0000-0x000effff]
[    0.000000] PM: Registered nosave memory: [mem 0x000f0000-0x000fffff]
[    0.000000] e820: [mem 0x80000000-0xfebfffff] available for PCI devices
[    0.000000] Booting paravirtualized kernel on KVM
[    0.000000] clocksource: refined-jiffies: mask: 0xffffffff max_cycles: 0xffffffff, max_idle_ns: 7645519600211568 ns
[    0.000000] setup_percpu: NR_CPUS:512 nr_cpumask_bits:512 nr_cpu_ids:2 nr_node_ids:1
[    0.000000] PERCPU: Embedded 34 pages/cpu @ffff88007fc00000 s99544 r8192 d31528 u1048576
[    0.000000] Built 1 zonelists in Node order, mobility grouping on.  Total pages: 515960
[    0.000000] Policy zone: DMA32
[    0.000000] Kernel command line: BOOT_IMAGE=/boot/vmlinuz-4.4.0-166-generic root=LABEL=cloudimg-rootfs ro console=tty1 console=ttyS0
[    0.000000] PID hash table entries: 4096 (order: 3, 32768 bytes)
[    0.000000] Memory: 2029904K/2096696K available (8623K kernel code, 1336K rwdata, 4036K rodata, 1488K init, 1288K bss, 66792K reserved, 0K cma-reserved)
[    0.000000] SLUB: HWalign=64, Order=0-3, MinObjects=0, CPUs=2, Nodes=1
[    0.000000] Kernel/User page tables isolation: enabled
[    0.000000] Hierarchical RCU implementation.
[    0.000000] 	Build-time adjustment of leaf fanout to 64.
[    0.000000] 	RCU restricting CPUs from NR_CPUS=512 to nr_cpu_ids=2.
[    0.000000] RCU: Adjusting geometry for rcu_fanout_leaf=64, nr_cpu_ids=2
[    0.000000] NR_IRQS:33024 nr_irqs:440 16
[    0.000000] Console: colour VGA+ 80x25
[    0.000000] console [tty1] enabled
[    0.000000] console [ttyS0] enabled
[    0.000000] tsc: Detected 1991.998 MHz processor
[    0.252493] Calibrating delay loop (skipped) preset value.. 3983.99 BogoMIPS (lpj=7967992)
[    0.254792] pid_max: default: 32768 minimum: 301
[    0.256006] ACPI: Core revision 20150930
[    0.259060] ACPI: 2 ACPI AML tables successfully acquired and loaded
[    0.261101] Security Framework initialized
[    0.262585] Yama: becoming mindful.
[    0.263783] AppArmor: AppArmor initialized
[    0.270922] Dentry cache hash table entries: 262144 (order: 9, 2097152 bytes)
[    0.273175] Inode-cache hash table entries: 131072 (order: 8, 1048576 bytes)
[    0.280837] Mount-cache hash table entries: 4096 (order: 3, 32768 bytes)
[    0.282660] Mountpoint-cache hash table entries: 4096 (order: 3, 32768 bytes)
[    0.285214] Initializing cgroup subsys io
[    0.286413] Initializing cgroup subsys memory
[    0.287701] Initializing cgroup subsys devices
[    0.288973] Initializing cgroup subsys freezer
[    0.290213] Initializing cgroup subsys net_cls
[    0.291595] Initializing cgroup subsys perf_event
[    0.292869] Initializing cgroup subsys net_prio
[    0.294159] Initializing cgroup subsys hugetlb
[    0.295695] Initializing cgroup subsys pids
[    0.298056] mce: CPU supports 0 MCE banks
[    0.299100] Last level iTLB entries: 4KB 64, 2MB 8, 4MB 8
[    0.300380] Last level dTLB entries: 4KB 64, 2MB 0, 4MB 0, 1GB 4
[    0.301705] Spectre V1 : Mitigation: usercopy/swapgs barriers and __user pointer sanitization
[    0.303704] Spectre V2 : Mitigation: Full generic retpoline
[    0.305013] Spectre V2 : Spectre v2 / SpectreRSB mitigation: Filling RSB on context switch
[    0.306910] Speculative Store Bypass: Vulnerable
[    0.308110] MDS: Vulnerable: Clear CPU buffers attempted, no microcode
[    0.313338] Freeing SMP alternatives memory: 36K
[    0.320894] ftrace: allocating 32296 entries in 127 pages
[    0.387838] smpboot: APIC(0) Converting physical 0 to logical package 0
[    0.389475] smpboot: Max logical packages: 1
[    0.390984] x2apic enabled
[    0.392198] Switched APIC routing to physical x2apic.
[    0.394974] ..TIMER: vector=0x30 apic1=0 pin1=2 apic2=-1 pin2=-1
[    0.504462] smpboot: CPU0: Intel(R) Core(TM) i7-8550U CPU @ 1.80GHz (family: 0x6, model: 0x8e, stepping: 0xa)
[    0.506897] Performance Events: unsupported p6 CPU model 142 no PMU driver, software events only.
[    0.518963] KVM setup paravirtual spinlock
[    0.526306] x86: Booting SMP configuration:
[    0.527496] .... node  #0, CPUs:      #1
[    0.528836] kvm-clock: cpu 1, msr 0:7ffe3041, secondary cpu clock
[    0.530974] mce: CPU supports 0 MCE banks
[    0.533556] x86: Booted up 1 node, 2 CPUs
[    0.534827] smpboot: Total of 2 processors activated (7967.99 BogoMIPS)
[    0.537031] devtmpfs: initialized
[    0.539412] evm: security.selinux
[    0.540286] evm: security.SMACK64
[    0.541147] evm: security.SMACK64EXEC
[    0.542058] evm: security.SMACK64TRANSMUTE
[    0.543136] evm: security.SMACK64MMAP
[    0.544153] evm: security.ima
[    0.545453] evm: security.capability
[    0.546714] clocksource: jiffies: mask: 0xffffffff max_cycles: 0xffffffff, max_idle_ns: 7645041785100000 ns
[    0.549151] futex hash table entries: 512 (order: 3, 32768 bytes)
[    0.550841] pinctrl core: initialized pinctrl subsystem
[    0.552776] RTC time:  7:43:27, date: 12/11/19
[    0.554685] NET: Registered protocol family 16
[    0.566426] cpuidle: using governor ladder
[    0.578656] cpuidle: using governor menu
[    0.579674] PCCT header not found.
[    0.580521] ACPI: bus type PCI registered
[    0.581445] acpiphp: ACPI Hot Plug PCI Controller Driver version: 0.5
[    0.582844] PCI: Using configuration type 1 for base access
[    0.599153] ACPI: Added _OSI(Module Device)
[    0.600226] ACPI: Added _OSI(Processor Device)
[    0.601277] ACPI: Added _OSI(3.0 _SCP Extensions)
[    0.602422] ACPI: Added _OSI(Processor Aggregator Device)
[    0.604217] ACPI: Executed 1 blocks of module-level executable AML code
[    0.608105] ACPI: Interpreter enabled
[    0.609199] ACPI: (supports S0 S5)
[    0.610113] ACPI: Using IOAPIC for interrupt routing
[    0.611768] PCI: Using host bridge windows from ACPI; if necessary, use "pci=nocrs" and report a bug
[    0.617935] ACPI: PCI Root Bridge [PCI0] (domain 0000 [bus 00-ff])
[    0.619433] acpi PNP0A03:00: _OSC: OS supports [ASPM ClockPM Segments MSI]
[    0.621249] acpi PNP0A03:00: _OSC: not requesting OS control; OS requires [ExtendedConfig ASPM ClockPM MSI]
[    0.623601] acpi PNP0A03:00: fail to add MMCONFIG information, can't access extended PCI configuration space under this bridge.
[    0.626340] PCI host bridge to bus 0000:00
[    0.627393] pci_bus 0000:00: root bus resource [io  0x0000-0x0cf7 window]
[    0.629256] pci_bus 0000:00: root bus resource [io  0x0d00-0xffff window]
[    0.630797] pci_bus 0000:00: root bus resource [mem 0x000a0000-0x000bffff window]
[    0.632713] pci_bus 0000:00: root bus resource [mem 0x80000000-0xfdffffff window]
[    0.634572] pci_bus 0000:00: root bus resource [bus 00-ff]
[    0.637693] pci 0000:00:01.1: legacy IDE quirk: reg 0x10: [io  0x01f0-0x01f7]
[    0.639230] pci 0000:00:01.1: legacy IDE quirk: reg 0x14: [io  0x03f6]
[    0.640641] pci 0000:00:01.1: legacy IDE quirk: reg 0x18: [io  0x0170-0x0177]
[    0.642233] pci 0000:00:01.1: legacy IDE quirk: reg 0x1c: [io  0x0376]
[    0.678393] pci 0000:00:07.0: quirk: [io  0x4000-0x403f] claimed by PIIX4 ACPI
[    0.680141] pci 0000:00:07.0: quirk: [io  0x4100-0x410f] claimed by PIIX4 SMB
[    0.693310] ACPI: PCI Interrupt Link [LNKA] (IRQs 5 9 10 *11)
[    0.695384] ACPI: PCI Interrupt Link [LNKB] (IRQs 5 9 *10 11)
[    0.697344] ACPI: PCI Interrupt Link [LNKC] (IRQs 5 *9 10 11)
[    0.699604] ACPI: PCI Interrupt Link [LNKD] (IRQs 5 9 10 *11)
[    0.701538] ACPI: Enabled 2 GPEs in block 00 to 07
[    0.703002] vgaarb: setting as boot device: PCI:0000:00:02.0
[    0.704299] vgaarb: device added: PCI:0000:00:02.0,decodes=io+mem,owns=io+mem,locks=none
[    0.706151] vgaarb: loaded
[    0.706937] vgaarb: bridge control possible 0000:00:02.0
[    0.708377] SCSI subsystem initialized
[    0.709547] ACPI: bus type USB registered
[    0.710564] usbcore: registered new interface driver usbfs
[    0.711754] usbcore: registered new interface driver hub
[    0.713039] usbcore: registered new device driver usb
[    0.714749] PCI: Using ACPI for IRQ routing
[    0.716070] NetLabel: Initializing
[    0.717036] NetLabel:  domain hash size = 128
[    0.718153] NetLabel:  protocols = UNLABELED CIPSOv4
[    0.719455] NetLabel:  unlabeled traffic allowed by default
[    0.720848] amd_nb: Cannot enumerate AMD northbridges
[    0.722213] clocksource: Switched to clocksource kvm-clock
[    0.740574] AppArmor: AppArmor Filesystem Enabled
[    0.742154] pnp: PnP ACPI init
[    0.743960] pnp: PnP ACPI: found 3 devices
[    0.760866] clocksource: acpi_pm: mask: 0xffffff max_cycles: 0xffffff, max_idle_ns: 2085701024 ns
[    0.762997] NET: Registered protocol family 2
[    0.764362] TCP established hash table entries: 16384 (order: 5, 131072 bytes)
[    0.766176] TCP bind hash table entries: 16384 (order: 6, 262144 bytes)
[    0.767883] TCP: Hash tables configured (established 16384 bind 16384)
[    0.769331] UDP hash table entries: 1024 (order: 3, 32768 bytes)
[    0.770952] UDP-Lite hash table entries: 1024 (order: 3, 32768 bytes)
[    0.772248] NET: Registered protocol family 1
[    0.773297] pci 0000:00:00.0: Limiting direct PCI/PCI transfers
[    0.774540] pci 0000:00:01.0: Activating ISA DMA hang workarounds
[    0.775928] Unpacking initramfs...
[    1.091080] Freeing initrd memory: 14836K
[    1.092205] clocksource: tsc: mask: 0xffffffffffffffff max_cycles: 0x396d4e5fc9d, max_idle_ns: 881590756024 ns
[    1.094975] platform rtc_cmos: registered platform RTC device (no PNP device found)
[    1.097154] Scanning for low memory corruption every 60 seconds
[    1.099275] audit: initializing netlink subsys (disabled)
[    1.100653] audit: type=2000 audit(1576050212.250:1): initialized
[    1.102256] Initialise system trusted keyring
[    1.103596] HugeTLB registered 2 MB page size, pre-allocated 0 pages
[    1.106070] zbud: loaded
[    1.107454] VFS: Disk quotas dquot_6.6.0
[    1.108479] VFS: Dquot-cache hash table entries: 512 (order 0, 4096 bytes)
[    1.110211] squashfs: version 4.0 (2009/01/31) Phillip Lougher
[    1.112138] fuse init (API version 7.23)
[    1.113970] Key type big_key registered
[    1.115253] Allocating IMA MOK and blacklist keyrings.
[    1.119084] Key type asymmetric registered
[    1.120039] Asymmetric key parser 'x509' registered
[    1.121172] Block layer SCSI generic (bsg) driver version 0.4 loaded (major 249)
[    1.123052] io scheduler noop registered
[    1.124075] io scheduler deadline registered (default)
[    1.125242] io scheduler cfq registered
[    1.126327] pci_hotplug: PCI Hot Plug PCI Core version: 0.5
[    1.127617] pciehp: PCI Express Hot Plug Controller Driver version: 0.4
[    1.129383] ACPI: AC Adapter [AC] (on-line)
[    1.130613] input: Power Button as /devices/LNXSYSTM:00/LNXPWRBN:00/input/input0
[    1.132459] ACPI: Power Button [PWRF]
[    1.133439] input: Sleep Button as /devices/LNXSYSTM:00/LNXSLPBN:00/input/input1
[    1.135531] ACPI: Sleep Button [SLPF]
[    1.136798] GHES: HEST is not enabled!
[    1.137450] ACPI: Battery Slot [BAT0] (battery present)
[    1.139200] Serial: 8250/16550 driver, 32 ports, IRQ sharing enabled
[    1.161208] 00:02: ttyS0 at I/O 0x3f8 (irq = 4, base_baud = 115200) is a 16550A
[    1.167739] Linux agpgart interface v0.103
[    1.176778] loop: module loaded
[    1.178553] scsi host0: ata_piix
[    1.179779] scsi host1: ata_piix
[    1.180744] ata1: PATA max UDMA/33 cmd 0x1f0 ctl 0x3f6 bmdma 0xd000 irq 14
[    1.182243] ata2: PATA max UDMA/33 cmd 0x170 ctl 0x376 bmdma 0xd008 irq 15
[    1.183972] libphy: Fixed MDIO Bus: probed
[    1.185035] tun: Universal TUN/TAP device driver, 1.6
[    1.186291] tun: (C) 1999-2004 Max Krasnyansky <maxk@qualcomm.com>
[    1.187979] PPP generic driver version 2.4.2
[    1.189312] ehci_hcd: USB 2.0 'Enhanced' Host Controller (EHCI) Driver
[    1.190929] ehci-pci: EHCI PCI platform driver
[    1.192103] ehci-platform: EHCI generic platform driver
[    1.193400] ohci_hcd: USB 1.1 'Open' Host Controller (OHCI) Driver
[    1.194999] ohci-pci: OHCI PCI platform driver
[    1.196384] ohci-platform: OHCI generic platform driver
[    1.197787] uhci_hcd: USB Universal Host Controller Interface driver
[    1.200027] i8042: PNP: PS/2 Controller [PNP0303:PS2K,PNP0f03:PS2M] at 0x60,0x64 irq 1,12
[    1.202937] serio: i8042 KBD port at 0x60,0x64 irq 1
[    1.204197] serio: i8042 AUX port at 0x60,0x64 irq 12
[    1.205821] mousedev: PS/2 mouse device common for all mice
[    1.207862] input: AT Translated Set 2 keyboard as /devices/platform/i8042/serio0/input/input2
[    1.210642] rtc_cmos rtc_cmos: rtc core: registered rtc_cmos as rtc0
[    1.212493] rtc_cmos rtc_cmos: alarms up to one day, 114 bytes nvram
[    1.214282] i2c /dev entries driver
[    1.215376] device-mapper: uevent: version 1.0.3
[    1.216816] device-mapper: ioctl: 4.34.0-ioctl (2015-10-28) initialised: dm-devel@redhat.com
[    1.219278] ledtrig-cpu: registered to indicate activity on CPUs
[    1.221792] NET: Registered protocol family 10
[    1.223338] NET: Registered protocol family 17
[    1.224530] Key type dns_resolver registered
[    1.226286] registered taskstats version 1
[    1.227472] Loading compiled-in X.509 certificates
[    1.229329] Loaded X.509 cert 'Build time autogenerated kernel key: 75bc1b51278a37d3abb49bab6b1b0161a6cc9ec0'
[    1.231901] zswap: loaded using pool lzo/zbud
[    1.235004] Key type trusted registered
[    1.239309] Key type encrypted registered
[    1.240275] AppArmor: AppArmor sha1 policy hashing enabled
[    1.241464] ima: No TPM chip found, activating TPM-bypass!
[    1.242708] ima: Allocated hash algorithm: sha1
[    1.243944] evm: HMAC attrs: 0x1
[    1.245802]   Magic number: 15:288:723
[    1.246897] block loop3: hash matches
[    1.248045] rtc_cmos rtc_cmos: setting system clock to 2019-12-11 07:43:27 UTC (1576050207)
[    1.250299] BIOS EDD facility v0.16 2004-Jun-25, 0 devices found
[    1.251611] EDD information not available.
[    1.343361] Freeing unused kernel memory: 1488K
[    1.348456] Write protecting the kernel read-only data: 14336k
[    1.355830] Freeing unused kernel memory: 1604K
[    1.359245] Freeing unused kernel memory: 60K
Loading, please wait...
starting version 229
[    1.379788] random: systemd-udevd: uninitialized urandom read (16 bytes read, 3 bits of entropy available)
[    1.380212] random: udevadm: uninitialized urandom read (16 bytes read, 3 bits of entropy available)
[    1.380227] random: udevadm: uninitialized urandom read (16 bytes read, 3 bits of entropy available)
[    1.386591] random: systemd-udevd: uninitialized urandom read (16 bytes read, 3 bits of entropy available)
[    1.387712] random: udevadm: uninitialized urandom read (16 bytes read, 3 bits of entropy available)
[    1.387752] random: udevadm: uninitialized urandom read (16 bytes read, 3 bits of entropy available)
[    1.387874] random: udevadm: uninitialized urandom read (16 bytes read, 3 bits of entropy available)
[    1.387915] random: udevadm: uninitialized urandom read (16 bytes read, 3 bits of entropy available)
[    1.387958] random: udevadm: uninitialized urandom read (16 bytes read, 3 bits of entropy available)
[    1.388000] random: udevadm: uninitialized urandom read (16 bytes read, 3 bits of entropy available)
[    1.424631] e1000: Intel(R) PRO/1000 Network Driver - version 7.3.21-k8-NAPI
[    1.426512] e1000: Copyright (c) 1999-2006 Intel Corporation.
[    1.428079] Fusion MPT base driver 3.04.20
[    1.429214] Copyright (c) 1999-2008 LSI Corporation
[    1.440621] Fusion MPT SPI Host driver 3.04.20
[    1.456871] AVX2 version of gcm_enc/dec engaged.
[    1.458157] AES CTR mode by8 optimization enabled
[    1.660421] input: ImExPS/2 Generic Explorer Mouse as /devices/platform/i8042/serio1/input/input4
[    2.134882] e1000 0000:00:03.0 eth0: (PCI:33MHz:32-bit) 02:95:cf:22:ea:76
[    2.137484] e1000 0000:00:03.0 eth0: Intel(R) PRO/1000 Network Connection
[    2.141250] mptbase: ioc0: Initiating bringup
[    2.505247] ioc0: LSI53C1030 A0: Capabilities={Initiator}
[    3.483146] scsi host2: ioc0: LSI53C1030 A0, FwRev=00000000h, Ports=1, MaxQ=256, IRQ=20
[    4.461250] scsi 2:0:0:0: Direct-Access     VBOX     HARDDISK         1.0  PQ: 0 ANSI: 5
[    4.463962] scsi target2:0:0: Beginning Domain Validation
[    4.468607] scsi target2:0:0: Domain Validation skipping write tests
[    4.471200] scsi target2:0:0: Ending Domain Validation
[    4.473209] scsi target2:0:0: asynchronous
[    4.475659] scsi 2:0:1:0: Direct-Access     VBOX     HARDDISK         1.0  PQ: 0 ANSI: 5
[    4.478173] scsi target2:0:1: Beginning Domain Validation
[    4.482450] scsi target2:0:1: Domain Validation skipping write tests
[    4.484127] scsi target2:0:1: Ending Domain Validation
[    4.514287] scsi target2:0:1: asynchronous
[    4.555165] sd 2:0:0:0: Attached scsi generic sg0 type 0
[    4.556892] sd 2:0:0:0: [sda] 20971520 512-byte logical blocks: (10.7 GB/10.0 GiB)
[    4.559189] sd 2:0:1:0: Attached scsi generic sg1 type 0
[    4.560595] sd 2:0:1:0: [sdb] 20480 512-byte logical blocks: (10.5 MB/10.0 MiB)
[    4.563672] sd 2:0:0:0: [sda] Write Protect is off
[    4.565126] sd 2:0:1:0: [sdb] Write Protect is off
[    4.566629] sd 2:0:0:0: [sda] Incomplete mode parameter data
[    4.568208] sd 2:0:0:0: [sda] Assuming drive cache: write through
[    4.570131] sd 2:0:1:0: [sdb] Incomplete mode parameter data
[    4.571726] sd 2:0:1:0: [sdb] Assuming drive cache: write through
[    4.577202]  sda: sda1
[    4.580046] sd 2:0:0:0: [sda] Attached SCSI disk
[    4.581491] sd 2:0:1:0: [sdb] Attached SCSI disk
[    5.128807] e1000 0000:00:08.0 eth1: (PCI:33MHz:32-bit) 08:00:27:be:7e:81
[    5.130657] e1000 0000:00:08.0 eth1: Intel(R) PRO/1000 Network Connection
[    5.133567] e1000 0000:00:03.0 enp0s3: renamed from eth0
[    5.150797] e1000 0000:00:08.0 enp0s8: renamed from eth1
Begin: Loading essential drivers ... [    6.643015] md: linear personality registered for level -1
[    6.647437] md: multipath personality registered for level -4
[    6.651423] md: raid0 personality registered for level 0
[    6.657467] md: raid1 personality registered for level 1
[    6.730550] raid6: sse2x1   gen()  8698 MB/s
[    6.798367] raid6: sse2x1   xor()  7265 MB/s
[    6.866727] raid6: sse2x2   gen() 13340 MB/s
[    6.934581] raid6: sse2x2   xor()  9519 MB/s
[    7.002399] raid6: sse2x4   gen() 14978 MB/s
[    7.070326] raid6: sse2x4   xor() 10493 MB/s
[    7.138538] raid6: avx2x1   gen() 16952 MB/s
[    7.206370] raid6: avx2x2   gen() 22636 MB/s
[    7.274706] raid6: avx2x4   gen() 25522 MB/s
[    7.275980] raid6: using algorithm avx2x4 gen() 25522 MB/s
[    7.277572] raid6: using avx2x2 recovery algorithm
[    7.280285] xor: automatically using best checksumming function:
[    7.318552]    avx       : 31363.000 MB/sec
[    7.320762] async_tx: api initialized (async)
[    7.331963] md: raid6 personality registered for level 6
[    7.333315] md: raid5 personality registered for level 5
[    7.334530] md: raid4 personality registered for level 4
[    7.342056] md: raid10 personality registered for level 10
done.
Begin: Running /scripts/init-premount ... done.
Begin: Mounting root file system ... Begin: Running /scripts/local-top ... done.
Begin: Running /scripts/local-premount ... [    7.372416] Btrfs loaded
Scanning for Btrfs filesystems
done.
Warning: fsck not present, so skipping root file system
[    7.399689] EXT4-fs (sda1): mounted filesystem with ordered data mode. Opts: (null)
done.
Begin: Running /scripts/local-bottom ... done.
Begin: Running /scripts/init-bottom ... done.
[    7.483703] systemd[1]: systemd 229 running in system mode. (+PAM +AUDIT +SELINUX +IMA +APPARMOR +SMACK +SYSVINIT +UTMP +LIBCRYPTSETUP +GCRYPT +GNUTLS +ACL +XZ -LZ4 +SECCOMP +BLKID +ELFUTILS +KMOD -IDN)
[    7.487208] systemd[1]: Detected virtualization oracle.
[    7.488253] systemd[1]: Detected architecture x86-64.

Welcome to [1mUbuntu 16.04.6 LTS[0m!

[    7.491574] systemd[1]: Set hostname to <ubuntu>.
[    7.495307] systemd[1]: Initializing machine ID from random generator.
[    7.496612] systemd[1]: Installed transient /etc/machine-id file.
[    7.622944] systemd[1]: Listening on Journal Socket.
[[0;32m  OK  [0m] Listening on Journal Socket.
[    7.625193] systemd[1]: Created slice System Slice.
[[0;32m  OK  [0m] Created slice System Slice.
[    7.646725] systemd[1]: Starting Set console keymap...
         Starting Set console keymap...
[    7.649044] systemd[1]: Listening on LVM2 poll daemon socket.
[[0;32m  OK  [0m] Listening on LVM2 poll daemon socket.
[    7.651383] systemd[1]: Started Trigger resolvconf update for networkd DNS.
[[0;32m  OK  [0m] Started Trigger resolvconf update for networkd DNS.
[    7.658988] systemd[1]: Reached target Swap.
[[0;32m  OK  [0m] Reached target Swap.
[    7.662580] systemd[1]: Listening on Journal Socket (/dev/log).
[[0;32m  OK  [0m] Listening on Journal Socket (/dev/log).
[    7.671271] systemd[1]: Starting Create list of required static device nodes for the current kernel...
         Starting Create list of required st... nodes for the current kernel...
[    7.682963] systemd[1]: Mounting Debug File System...
         Mounting Debug File System...
[    7.685031] systemd[1]: Reached target Encrypted Volumes.
[[0;32m  OK  [0m] Reached target Encrypted Volumes.
[    7.694663] systemd[1]: Listening on Device-mapper event daemon FIFOs.
[[0;32m  OK  [0m] Listening on Device-mapper event daemon FIFOs.
[    7.698819] systemd[1]: Starting Load Kernel Modules...
         Starting Load Kernel Modules...
[    7.706832] systemd[1]: Started Forward Password Requests to Wall Directory Watch.
[[0;32m  OK  [0m] Started Forward Password Requests to Wall Directory Watch.
[    7.710636] Loading iSCSI transport class v2.0-870.
[    7.714716] systemd[1]: Listening on LVM2 metadata daemon socket.
[[0;32m  OK  [0m] Listening on LVM2 metadata daemon socket.
[    7.717543] systemd[1]: Starting Monitoring of LVM2 mirrors, snapshots etc. using dmeventd or progress polling...
         Starting Monitoring of LVM2 mirrors... dmeventd or progress polling...
[    7.728027] systemd[1]: Created slice User and Session Slice.
[    7.729891] iscsi: registered transport (tcp)
[[0;32m  OK  [0m] Created slice User and Session Slice.
[    7.731997] systemd[1]: Set up automount Arbitrary Executable File Formats File System Automount Point.
[[0;32m  OK  [0m] Set up automount Arbitrary Executab...ats File System Automount Point.
[    7.764683] iscsi: registered transport (iser)
[    7.766415] systemd[1]: Mounting Huge Pages File System...
         Mounting Huge Pages File System...
[    7.768946] systemd[1]: Listening on Journal Audit Socket.
[[0;32m  OK  [0m] Listening on Journal Audit Socket.
[    7.778600] systemd[1]: Listening on udev Kernel Socket.
[[0;32m  OK  [0m] Listening on udev Kernel Socket.
[    7.781371] systemd[1]: Starting Uncomplicated firewall...
         Starting Uncomplicated firewall...
[    7.791359] systemd[1]: Reached target System Time Synchronized.
[[0;32m  OK  [0m] Reached target System Time Synchronized.
[    7.800767] systemd[1]: Reached target User and Group Name Lookups.
[[0;32m  OK  [0m] Reached target User and Group Name Lookups.
[    7.822603] systemd[1]: Starting Remount Root and Kernel File Systems...
         Starting Remount Root and Kernel File Systems...
[    7.832118] EXT4-fs (sda1): re-mounted. Opts: (null)
[    7.832233] systemd[1]: Created slice system-serial\x2dgetty.slice.
[[0;32m  OK  [0m] Created slice system-serial\x2dgetty.slice.
[    7.835735] systemd[1]: Reached target Slices.
[[0;32m  OK  [0m] Reached target Slices.
[    7.843845] systemd[1]: Mounting POSIX Message Queue File System...
         Mounting POSIX Message Queue File System...
[    7.846227] systemd[1]: Listening on /dev/initctl Compatibility Named Pipe.
[[0;32m  OK  [0m] Listening on /dev/initctl Compatibility Named Pipe.
[    7.855702] systemd[1]: Starting Nameserver information manager...
         Starting Nameserver information manager...
[    7.857781] systemd[1]: Listening on Syslog Socket.
[[0;32m  OK  [0m] Listening on Syslog Socket.
[    7.867332] systemd[1]: Starting Journal Service...
         Starting Journal Service...
[    7.874794] systemd[1]: Listening on udev Control Socket.
[[0;32m  OK  [0m] Listening on udev Control Socket.
[    7.888265] systemd[1]: Mounted POSIX Message Queue File System.
[[0;32m  OK  [0m] Mounted POSIX Message Queue File System.
[    7.894671] systemd[1]: Mounted Huge Pages File System.
[[0;32m  OK  [0m] Mounted Huge Pages File System.
[    7.902595] systemd[1]: Mounted Debug File System.
[[0;32m  OK  [0m] Mounted Debug File System.
[    7.910892] systemd[1]: Started Journal Service.
[[0;32m  OK  [0m] Started Journal Service.
[[0;32m  OK  [0m] Started Set console keymap.
[[0;32m  OK  [0m] Started Create list of required sta...ce nodes for the current kernel.
[[0;32m  OK  [0m] Started Load Kernel Modules.
[[0;32m  OK  [0m] Started Uncomplicated firewall.
[[0;32m  OK  [0m] Started Remount Root and Kernel File Systems.
[[0;32m  OK  [0m] Started Nameserver information manager.
[[0;32m  OK  [0m] Started LVM2 metadata daemon.
         Starting Load/Save Random Seed...
         Starting udev Coldplug all Devices...
         Mounting FUSE Control File System...
         Starting Apply Kernel Variables...
[    8.076822] random: nonblocking pool is initialized
         Starting Create Static Device Nodes in /dev...
         Starting Flush Journal to Persistent Storage...
[[0;32m  OK  [0m] Mounted FUSE Control File System.
[[0;32m  OK  [0m] Started Load/Save Random Seed.
[[0;32m  OK  [0m] Started Apply Kernel Variables.
[[0;32m  OK  [0m] Started Create Static Device Nodes in /dev.
[[0;32m  OK  [0m] Started udev Coldplug all Devices.
[[0;32m  OK  [0m] Started Flush Journal to Persistent Storage.
         Starting udev Kernel Device Manager...
[[0;32m  OK  [0m] Started udev Kernel Device Manager.
[[0;32m  OK  [0m] Started Dispatch Password Requests to Console Directory Watch.
[[0;32m  OK  [0m] Found device /dev/ttyS0.
[[0;32m  OK  [0m] Listening on Load/Save RF Kill Switch Status /dev/rfkill Watch.
[[0;32m  OK  [0m] Started Monitoring of LVM2 mirrors,...ng dmeventd or progress polling.
[[0;32m  OK  [0m] Reached target Local File Systems (Pre).
[[0;32m  OK  [0m] Reached target Local File Systems.
         Starting Initial cloud-init job (pre-networking)...
         Starting Commit a transient machine-id on disk...
         Starting Tell Plymouth To Write Out Runtime Data...
         Starting Set console font and keymap...
         Starting LSB: AppArmor initialization...
         Starting Create Volatile Files and Directories...
[[0;32m  OK  [0m] Started Create Volatile Files and Directories.
[[0;32m  OK  [0m] Started Commit a transient machine-id on disk.
[[0;32m  OK  [0m] Started Tell Plymouth To Write Out Runtime Data.
         Starting Update UTMP about System Boot/Shutdown...
[[0;32m  OK  [0m] Started Update UTMP about System Boot/Shutdown.
[    9.559312] cloud-init[534]: Cloud-init v. 19.2-36-g059d049c-0ubuntu2~16.04.1 running 'init-local' at Wed, 11 Dec 2019 07:43:35 +0000. Up 8.89 seconds.
[[0;32m  OK  [0m] Started Initial cloud-init job (pre-networking).
[[0;32m  OK  [0m] Reached target Network (Pre).
[[0;32m  OK  [0m] Started Set console font and keymap.
[[0;32m  OK  [0m] Created slice system-getty.slice.
[[0;32m  OK  [0m] Started LSB: AppArmor initialization.
         Starting Raise network interfaces...
[[0;32m  OK  [0m] Started Raise network interfaces.
[[0;32m  OK  [0m] Reached target Network.
         Starting Initial cloud-init job (metadata service crawler)...
[   11.636257] cloud-init[953]: Cloud-init v. 19.2-36-g059d049c-0ubuntu2~16.04.1 running 'init' at Wed, 11 Dec 2019 07:43:37 +0000. Up 11.03 seconds.
[   11.637736] cloud-init[953]: ci-info: ++++++++++++++++++++++++++++++++++++++Net device info+++++++++++++++++++++++++++++++++++++++
[   11.638959] cloud-init[953]: ci-info: +--------+-------+----------------------------+---------------+--------+-------------------+
[   11.644818] cloud-init[953]: ci-info: | Device |   Up  |          Address           |      Mask     | Scope  |     Hw-Address    |
[   11.645930] cloud-init[953]: ci-info: +--------+-------+----------------------------+---------------+--------+-------------------+
[   11.646958] cloud-init[953]: ci-info: | enp0s3 |  True |         10.0.2.15          | 255.255.255.0 | global | 02:95:cf:22:ea:76 |
[   11.647935] cloud-init[953]: ci-info: | enp0s3 |  True | fe80::95:cfff:fe22:ea76/64 |       .       |  link  | 02:95:cf:22:ea:76 |
[   11.649568] cloud-init[953]: ci-info: | enp0s8 | False |             .              |       .       |   .    | 08:00:27:be:7e:81 |
[   11.651147] cloud-init[953]: ci-info: |   lo   |  True |         127.0.0.1          |   255.0.0.0   |  host  |         .         |
[   11.652978] cloud-init[953]: ci-info: |   lo   |  True |          ::1/128           |       .       |  host  |         .         |
[   11.654837] cloud-init[953]: ci-info: +--------+-------+----------------------------+---------------+--------+-------------------+
[   11.656516] cloud-init[953]: ci-info: +++++++++++++++++++++++++++Route IPv4 info++++++++++++++++++++++++++++
[   11.664466] cloud-init[953]: ci-info: +-------+-------------+----------+---------------+-----------+-------+
[   11.673139] cloud-init[953]: ci-info: | Route | Destination | Gateway  |    Genmask    | Interface | Flags |
[   11.680954] cloud-init[953]: ci-info: +-------+-------------+----------+---------------+-----------+-------+
[   11.682142] cloud-init[953]: ci-info: |   0   |   0.0.0.0   | 10.0.2.2 |    0.0.0.0    |   enp0s3  |   UG  |
[   11.683507] cloud-init[953]: ci-info: |   1   |   10.0.2.0  | 0.0.0.0  | 255.255.255.0 |   enp0s3  |   U   |
[   11.685228] cloud-init[953]: ci-info: +-------+-------------+----------+---------------+-----------+-------+
[   11.692581] cloud-init[953]: ci-info: +++++++++++++++++++Route IPv6 info+++++++++++++++++++
[   11.693525] cloud-init[953]: ci-info: +-------+-------------+---------+-----------+-------+
[   11.694985] cloud-init[953]: ci-info: | Route | Destination | Gateway | Interface | Flags |
[   11.696292] cloud-init[953]: ci-info: +-------+-------------+---------+-----------+-------+
[   11.697798] cloud-init[953]: ci-info: |   0   |  fe80::/64  |    ::   |   enp0s3  |   U   |
[   11.699403] cloud-init[953]: ci-info: |   3   |   ff00::/8  |    ::   |   enp0s3  |   U   |
[   11.700934] cloud-init[953]: ci-info: +-------+-------------+---------+-----------+-------+
[   11.702451] cloud-init[953]: Generating public/private rsa key pair.
[   11.703717] cloud-init[953]: Your identification has been saved in /etc/ssh/ssh_host_rsa_key.
[   11.705190] cloud-init[953]: Your public key has been saved in /etc/ssh/ssh_host_rsa_key.pub.
[   11.706598] cloud-init[953]: The key fingerprint is:
[   11.707587] cloud-init[953]: SHA256:4JEY4OrpkKLcZFmyLLUlfodhvi6pLwSOmPCqYpkIZvI root@ubuntu-xenial
[   11.709249] cloud-init[953]: The key's randomart image is:
[   11.717058] cloud-init[953]: +---[RSA 2048]----+
[[0;32m  OK  [0m] Started Initial cloud-init job (metadata service crawler).
[   11.717295] cloud-init[953]: |  ...            |
[   11.718843] cloud-init[953]: | .   o .         |
[   11.724763] cloud-init[953]: |  . . +          |
[   11.724945] [cloud-init[0;32m  OK  [0m[953]: ] |o.   . o         |Reached target Network is Online.

[   11.724990] cloud-init[953]: |Bo + =. S        |
[   11.740342] cloud-init[953]: |B** @ o          |
[   11.748497] cloud-init[953]: |@*oO.+ .         |
         [   11.748775] Starting iSCSI initiator daemon (iscsid)...cloud-init
[953]: |X=Eo. o          |
[   11.756792] cloud-init[953]: |*++ooo           |
[   11.757071] cloud-init[953]: +----[SHA256]-----+
[   11.757457] cloud-init[953]: Generating public/private dsa key pair.
[   11.757907] cloud-init[953]: Your identification has been saved in /etc/ssh/ssh_host_dsa_key.
[   11.758437] cloud-init[953]: Your public key has been saved in /etc/ssh/ssh_host_dsa_key.pub.
[   11.759410] cloud-init[953]: The key fingerprint is:
[   11.760695] cloud-init[953]: SHA256:Pu7U4NLpGfl350/Dpj+VxdicLO6z7YUicwGubL83yUM root@ubuntu-xenial
[   11.761087] cloud-init[953]: The key's randomart image is:
[   11.761592] cloud-init[953]: +---[DSA 1024]----+
[   11.762100] cloud-init[953]: |                 |
[   11.762596] cloud-init[953]: |                 |
[   11.762965] cloud-init[953]: |          .   .=.|
[   11.763365] cloud-init[953]: |         . . ..o=|
[   11.763816] cloud-init[953]: |        S . o . o|
[   11.764506] cloud-init[953]: |       = *  Eo.o.|
[   11.765111] cloud-init[953]: |      . & +o+..++|
[   11.765544] cloud-init[953]: |       * * +B+=o+|
[   11.766016] cloud-init[953]: |       .= ++ *=*=|
[   11.766330] cloud-init[953]: +----[SHA256]-----+
[   11.766879] cloud-init[953]: Generating public/private ecdsa key pair.
[   11.767222] cloud-init[953]: Your identification has been saved in /etc/ssh/ssh_host_ecdsa_key.
[   11.767483] cloud-init[953]: Your public key has been saved in /etc/ssh/ssh_host_ecdsa_key.pub.
[   11.767956] cloud-init[953]: The key fingerprint is:
[   11.768370] cloud-init[953]: SHA256:MRiG+LmqUoe8xnsBZ9+sE/3K6Dw73Q8j66TcxJVe3A8 root@ubuntu-xenial
[   11.768866] cloud-init[953]: The key's randomart image is:
[   11.769403] cloud-init[953]: +---[ECDSA 256]---+
[   11.769885] cloud-init[953]: |   . .o          |
[   11.770412] cloud-init[953]: |  . .. o         |
[   11.770581] cloud-init[953]: |   . .. o        |
[   11.770993] cloud-init[953]: |  . =    o o .   |
[   11.771429] cloud-init[953]: | . = o +S o o E  |
[   11.771926] cloud-init[953]: |  + + o.+o .   o |
[   11.772346] cloud-init[953]: | o + . +=o+     .|
[   11.772676] cloud-init[953]: |. = .o=B.ooo     |
[   11.773118] cloud-init[953]: |oo.o .B**. ..    |
[   11.773618] cloud-init[953]: +----[SHA256]-----+
[   11.774065] cloud-init[953]: Generating public/private ed25519 key pair.
[   11.774519] cloud-init[953]: Your identification has been saved in /etc/ssh/ssh_host_ed25519_key.
[   11.774720] cloud-init[953]: Your public key has been saved in /etc/ssh/ssh_host_ed25519_key.pub.
[   11.774985] cloud-init[953]: The key fingerprint is:
[   11.775151] cloud-init[953]: SHA256:oi7fwwEWnPwPyUF990oE4KnRZxUCm1EzFZholcDQaks root@ubuntu-xenial
[   11.775618] cloud-init[953]: The key's randomart image is:
[   11.775966] cloud-init[953]: +--[ED25519 256]--+
[   11.776677] cloud-init[953]: |   o oo==BB*=o   |
[   11.776981] cloud-init[953]: |    = .o*===o    |
[   11.777507] cloud-init[953]: |     +.=*.oo .   |
[   11.777693] cloud-init[953]: |    o Eo o  . .  |
[   11.778096] cloud-init[953]: |   . +o+S  . .   |
[   11.778585] cloud-init[953]: |     .o..   .    |
[   11.778998] cloud-init[953]: |    .. .         |
[   11.779786] cloud-init[953]: |  .. .o          |
[   11.780369] cloud-init[953]: |   oo ..         |
[   11.780430] cloud-init[953]: +----[SHA256]-----+
[[0;32m  OK  [0m] Reached target System Initialization.
[[0;32m  OK  [0m] Started Message of the Day.
[[0;32m  OK  [0m] Listening on D-Bus System Message Bus Socket.
         Starting LXD - unix socket.
[[0;32m  OK  [0m] Listening on ACPID Listen Socket.
         Starting Socket activation for snappy daemon.
[[0;32m  OK  [0m] Started ACPI Events Check.
[[0;32m  OK  [0m] Reached target Paths.
[[0;32m  OK  [0m] Started Daily Cleanup of Temporary Directories.
[[0;32m  OK  [0m] Listening on UUID daemon activation socket.
[[0;32m  OK  [0m] Started Daily apt download activities.
[[0;32m  OK  [0m] Started Daily apt upgrade and clean activities.
[[0;32m  OK  [0m] Reached target Timers.
[[0;32m  OK  [0m] Reached target Cloud-config availability.
[[0;32m  OK  [0m] Listening on LXD - unix socket.
[[0;32m  OK  [0m] Listening on Socket activation for snappy daemon.
[[0;32m  OK  [0m] Started iSCSI initiator daemon (iscsid).
         Starting Login to default iSCSI targets...
[[0;32m  OK  [0m] Reached target Sockets.
[[0;32m  OK  [0m] Reached target Basic System.
         Starting LSB: MD monitoring daemon...
[[0;32m  OK  [0m] Started Deferred execution scheduler.
         Starting System Logging Service...
         Starting Pollinate to seed the pseudo random number generator...
         Starting Snappy daemon...
         Starting Virtualbox guest utils...
         Starting Login Service...
         Starting LXD - container startup/shutdown...
[[0;32m  OK  [0m] Started Regular background program processing daemon.
[[0;32m  OK  [0m] Started ACPI event daemon.
         Starting LSB: Record successful boot for GRUB...
[[0;32m  OK  [0m] Started FUSE filesystem for LXC.
         Starting /etc/rc.local Compatibility...
[[0;32m  OK  [0m] Started D-Bus System Message Bus.
         Starting Accounts Service...
[[0;32m  OK  [0m] Started System Logging Service.
[[0;32m  OK  [0m] Started /etc/rc.local Compatibility.
[[0;32m  OK  [0m] Started Login to default iSCSI targets.
[[0;32m  OK  [0m] Started LSB: MD monitoring daemon.
[[0;32m  OK  [0m] Started LXD - container startup/shutdown.
[[0;32m  OK  [0m] Started Login Service.
[[0;32m  OK  [0m] Started LSB: Record successful boot for GRUB.
[[0;32m  OK  [0m] Started Unattended Upgrades Shutdown.
         Starting Authenticate and Authorize Users to Run Privileged Tasks...
[[0;32m  OK  [0m] Reached target Remote File Systems (Pre).
[[0;32m  OK  [0m] Reached target Remote File Systems.
         Starting Permit User Sessions...
         Starting LSB: Set the CPU Frequency Scaling governor to "ondemand"...
         Starting LSB: automatic crash report generation...
         Starting LSB: daemon to balance interrupts for SMP systems...
[[0;32m  OK  [0m] Started Permit User Sessions.
[[0;32m  OK  [0m] Started Authenticate and Authorize Users to Run Privileged Tasks.
[[0;32m  OK  [0m] Started Accounts Service.
         Starting Terminate Plymouth Boot Screen...
         Starting Hold until boot process finishes up...
[[0;32m  OK  [0m] Started LSB: Set the CPU Frequency Scaling governor to "ondemand".
[[0;32m  OK  [0m] Started Virtualbox guest utils.
[[0;32m  OK  [0m] Started LSB: automatic crash report generation.
[[0;32m  OK  [0m] Started LSB: daemon to balance interrupts for SMP systems.
[[0;32m  OK  [0m] Started Terminate Plymouth Boot Screen.
[[0;32m  OK  [0m] Started Hold until boot process finishes up.
[[0;32m  OK  [0m] Started Getty on tty1.
[[0;32m  OK  [0m] Started Serial Getty on ttyS0.
[[0;32m  OK  [0m] Reached target Login Prompts.
         Starting Set console scheme...
[[0;32m  OK  [0m] Started Pollinate to seed the pseudo random number generator.
[[0;32m  OK  [0m] Started Set console scheme.
[[0;32m  OK  [0m] Started Snappy daemon.
         Starting Wait until snapd is fully seeded...
         Starting OpenBSD Secure Shell server...
[[0;32m  OK  [0m] Started OpenBSD Secure Shell server.
[[0;32m  OK  [0m] Created slice User Slice of vagrant.
         Starting User Manager for UID 1000...
[[0;32m  OK  [0m] Started Session 1 of user vagrant.
[[0;32m  OK  [0m] Started User Manager for UID 1000.
[[0;32m  OK  [0m] Started Wait until snapd is fully seeded.
[[0;32m  OK  [0m] Reached target Multi-User System.
[[0;32m  OK  [0m] Reached target Graphical Interface.
         Starting Update UTMP about System Runlevel Changes...
         Starting Apply the settings specified in cloud-config...
[[0;32m  OK  [0m] Started Update UTMP about System Runlevel Changes.
[   14.348416] cloud-init[1390]: Generating locales (this might take a while)...
[   15.661268] cloud-init[1390]:   en_US.UTF-8... done
[   15.663450] cloud-init[1390]: Generation complete.
[   16.062112] cloud-init[1390]: Cloud-init v. 19.2-36-g059d049c-0ubuntu2~16.04.1 running 'modules:config' at Wed, 11 Dec 2019 07:43:40 +0000. Up 14.19 seconds.
[[0;32m  OK  [0m] Started Apply the settings specified in cloud-config.
         Starting Execute cloud user/final scripts...
ci-info: no authorized ssh keys fingerprints found for user ubuntu.
<14>Dec 11 07:43:43 ec2: 
<14>Dec 11 07:43:43 ec2: #############################################################
<14>Dec 11 07:43:43 ec2: -----BEGIN SSH HOST KEY FINGERPRINTS-----
<14>Dec 11 07:43:43 ec2: 1024 SHA256:Pu7U4NLpGfl350/Dpj+VxdicLO6z7YUicwGubL83yUM root@ubuntu-xenial (DSA)
<14>Dec 11 07:43:43 ec2: 256 SHA256:MRiG+LmqUoe8xnsBZ9+sE/3K6Dw73Q8j66TcxJVe3A8 root@ubuntu-xenial (ECDSA)
<14>Dec 11 07:43:43 ec2: 256 SHA256:oi7fwwEWnPwPyUF990oE4KnRZxUCm1EzFZholcDQaks root@ubuntu-xenial (ED25519)
<14>Dec 11 07:43:43 ec2: 2048 SHA256:4JEY4OrpkKLcZFmyLLUlfodhvi6pLwSOmPCqYpkIZvI root@ubuntu-xenial (RSA)
<14>Dec 11 07:43:43 ec2: -----END SSH HOST KEY FINGERPRINTS-----
<14>Dec 11 07:43:43 ec2: #############################################################
-----BEGIN SSH HOST KEY KEYS-----
ecdsa-sha2-nistp256 AAAAE2VjZHNhLXNoYTItbmlzdHAyNTYAAAAIbmlzdHAyNTYAAABBBGnmnKWANpGyp4CEBzk1fQKI7HcifCiH1IlmlXmBwhGUJbWikVaudp8flbVQi8Vy5+ngSSrcwkUPG3nM1iax3oM= root@ubuntu-xenial
ssh-ed25519 AAAAC3NzaC1lZDI1NTE5AAAAIEBMZhEkKx7lbLDwqArhIjJrhBSOOOW3NOieMTGMbfw7 root@ubuntu-xenial
ssh-rsa AAAAB3NzaC1yc2EAAAADAQABAAABAQCteJCGRU+LqvZWsFkEF0CfWtRk5XgBuw5CeXnkOptoCHVOyIsq4/wtPleXWii1/1OkAwn2DOGDWg4u0GBoX5JLLd6NCzwRm/cRW5QFLow4IlOklvNWg8cdTgx0IXl4lZQ93a4JHr26K6lSN7mUvwBdj/tib6Dx6X+C1RMscMS7nWSaRpsTG0dLmcuU6jKLsnBkbtlp5+eoTmOKysB2G0AQWIBHezJrRkzFr2zX+k7YbYH80gNcfxO+3lgQ4HV9oLd9kBWVZjsN0nOfBOgdKPdutJxeIDFSy5I1CSj3M9f/JFA6TDVHa8ueWkFcKOoXic+5nfAlw6WB/f2IFd2P93wB root@ubuntu-xenial
-----END SSH HOST KEY KEYS-----
[   16.855274] cloud-init[1545]: Cloud-init v. 19.2-36-g059d049c-0ubuntu2~16.04.1 running 'modules:final' at Wed, 11 Dec 2019 07:43:43 +0000. Up 16.63 seconds.
[   16.864753] cloud-init[1545]: ci-info: no authorized ssh keys fingerprints found for user ubuntu.
[   16.872524] cloud-init[1545]: Cloud-init v. 19.2-36-g059d049c-0ubuntu2~16.04.1 finished at Wed, 11 Dec 2019 07:43:43 +0000. Datasource DataSourceNoCloud [seed=/dev/sdb][dsmode=net].  Up 16.84 seconds
[[0;32m  OK  [0m] Started Execute cloud user/final scripts.
[[0;32m  OK  [0m] Reached target Cloud-init target.

Ubuntu 16.04.6 LTS Ubuntu-ftp ttyS0

Ubuntu-ftp login: 