[    0.000000] Initializing cgroup subsys cpuset
[    0.000000] Initializing cgroup subsys cpu
[    0.000000] Initializing cgroup subsys cpuacct
[    0.000000] Linux version 4.4.0-166-generic (buildd@lcy01-amd64-020) (gcc version 5.4.0 20160609 (Ubuntu 5.4.0-6ubuntu1~16.04.10) ) #195-Ubuntu SMP Tue Oct 1 09:35:25 UTC 2019 (Ubuntu 4.4.0-166.195-generic 4.4.194)
[    0.000000] Command line: BOOT_IMAGE=/boot/vmlinuz-4.4.0-166-generic root=LABEL=cloudimg-rootfs ro console=tty1 console=ttyS0
[    0.000000] KERNEL supported cpus:
[    0.000000]   Intel GenuineIntel
[    0.000000]   AMD AuthenticAMD
[    0.000000]   Centaur CentaurHauls
[    0.000000] x86/fpu: xstate_offset[2]:  576, xstate_sizes[2]:  256
[    0.000000] x86/fpu: Supporting XSAVE feature 0x01: 'x87 floating point registers'
[    0.000000] x86/fpu: Supporting XSAVE feature 0x02: 'SSE registers'
[    0.000000] x86/fpu: Supporting XSAVE feature 0x04: 'AVX registers'
[    0.000000] x86/fpu: Enabled xstate features 0x7, context size is 832 bytes, using 'standard' format.
[    0.000000] e820: BIOS-provided physical RAM map:
[    0.000000] BIOS-e820: [mem 0x0000000000000000-0x000000000009fbff] usable
[    0.000000] BIOS-e820: [mem 0x000000000009fc00-0x000000000009ffff] reserved
[    0.000000] BIOS-e820: [mem 0x00000000000f0000-0x00000000000fffff] reserved
[    0.000000] BIOS-e820: [mem 0x0000000000100000-0x000000007ffeffff] usable
[    0.000000] BIOS-e820: [mem 0x000000007fff0000-0x000000007fffffff] ACPI data
[    0.000000] BIOS-e820: [mem 0x00000000fec00000-0x00000000fec00fff] reserved
[    0.000000] BIOS-e820: [mem 0x00000000fee00000-0x00000000fee00fff] reserved
[    0.000000] BIOS-e820: [mem 0x00000000fffc0000-0x00000000ffffffff] reserved
[    0.000000] NX (Execute Disable) protection: active
[    0.000000] SMBIOS 2.5 present.
[    0.000000] Hypervisor detected: KVM
[    0.000000] e820: last_pfn = 0x7fff0 max_arch_pfn = 0x400000000
[    0.000000] MTRR: Disabled
[    0.000000] x86/PAT: MTRRs disabled, skipping PAT initialization too.
[    0.000000] CPU MTRRs all blank - virtualized system.
[    0.000000] x86/PAT: Configuration [0-7]: WB  WT  UC- UC  WB  WT  UC- UC  
[    0.000000] found SMP MP-table at [mem 0x0009fff0-0x0009ffff] mapped at [ffff88000009fff0]
[    0.000000] Scanning 1 areas for low memory corruption
[    0.000000] RAMDISK: [mem 0x362f6000-0x37172fff]
[    0.000000] ACPI: Early table checksum verification disabled
[    0.000000] ACPI: RSDP 0x00000000000E0000 000024 (v02 VBOX  )
[    0.000000] ACPI: XSDT 0x000000007FFF0030 00003C (v01 VBOX   VBOXXSDT 00000001 ASL  00000061)
[    0.000000] ACPI: FACP 0x000000007FFF00F0 0000F4 (v04 VBOX   VBOXFACP 00000001 ASL  00000061)
[    0.000000] ACPI: DSDT 0x000000007FFF0470 0022EA (v02 VBOX   VBOXBIOS 00000002 INTL 20100528)
[    0.000000] ACPI: FACS 0x000000007FFF0200 000040
[    0.000000] ACPI: FACS 0x000000007FFF0200 000040
[    0.000000] ACPI: APIC 0x000000007FFF0240 00005C (v02 VBOX   VBOXAPIC 00000001 ASL  00000061)
[    0.000000] ACPI: SSDT 0x000000007FFF02A0 0001CC (v01 VBOX   VBOXCPUT 00000002 INTL 20100528)
[    0.000000] No NUMA configuration found
[    0.000000] Faking a node at [mem 0x0000000000000000-0x000000007ffeffff]
[    0.000000] NODE_DATA(0) allocated [mem 0x7ffeb000-0x7ffeffff]
[    0.000000] kvm-clock: Using msrs 4b564d01 and 4b564d00
[    0.000000] kvm-clock: cpu 0, msr 0:7ffe3001, primary cpu clock
[    0.000000] kvm-clock: using sched offset of 3257470470 cycles
[    0.000000] clocksource: kvm-clock: mask: 0xffffffffffffffff max_cycles: 0x1cd42e4dffb, max_idle_ns: 881590591483 ns
[    0.000000] Zone ranges:
[    0.000000]   DMA      [mem 0x0000000000001000-0x0000000000ffffff]
[    0.000000]   DMA32    [mem 0x0000000001000000-0x000000007ffeffff]
[    0.000000]   Normal   empty
[    0.000000]   Device   empty
[    0.000000] Movable zone start for each node
[    0.000000] Early memory node ranges
[    0.000000]   node   0: [mem 0x0000000000001000-0x000000000009efff]
[    0.000000]   node   0: [mem 0x0000000000100000-0x000000007ffeffff]
[    0.000000] Initmem setup node 0 [mem 0x0000000000001000-0x000000007ffeffff]
[    0.000000] ACPI: PM-Timer IO Port: 0x4008
[    0.000000] IOAPIC[0]: apic_id 2, version 32, address 0xfec00000, GSI 0-23
[    0.000000] ACPI: INT_SRC_OVR (bus 0 bus_irq 0 global_irq 2 dfl dfl)
[    0.000000] ACPI: INT_SRC_OVR (bus 0 bus_irq 9 global_irq 9 low level)
[    0.000000] Using ACPI (MADT) for SMP configuration information
[    0.000000] smpboot: Allowing 2 CPUs, 0 hotplug CPUs
[    0.000000] PM: Registered nosave memory: [mem 0x00000000-0x00000fff]
[    0.000000] PM: Registered nosave memory: [mem 0x0009f000-0x0009ffff]
[    0.000000] PM: Registered nosave memory: [mem 0x000a0000-0x000effff]
[    0.000000] PM: Registered nosave memory: [mem 0x000f0000-0x000fffff]
[    0.000000] e820: [mem 0x80000000-0xfebfffff] available for PCI devices
[    0.000000] Booting paravirtualized kernel on KVM
[    0.000000] clocksource: refined-jiffies: mask: 0xffffffff max_cycles: 0xffffffff, max_idle_ns: 7645519600211568 ns
[    0.000000] setup_percpu: NR_CPUS:512 nr_cpumask_bits:512 nr_cpu_ids:2 nr_node_ids:1
[    0.000000] PERCPU: Embedded 34 pages/cpu @ffff88007fc00000 s99544 r8192 d31528 u1048576
[    0.000000] Built 1 zonelists in Node order, mobility grouping on.  Total pages: 515960
[    0.000000] Policy zone: DMA32
[    0.000000] Kernel command line: BOOT_IMAGE=/boot/vmlinuz-4.4.0-166-generic root=LABEL=cloudimg-rootfs ro console=tty1 console=ttyS0
[    0.000000] PID hash table entries: 4096 (order: 3, 32768 bytes)
[    0.000000] Memory: 2029904K/2096696K available (8623K kernel code, 1336K rwdata, 4036K rodata, 1488K init, 1288K bss, 66792K reserved, 0K cma-reserved)
[    0.000000] SLUB: HWalign=64, Order=0-3, MinObjects=0, CPUs=2, Nodes=1
[    0.000000] Kernel/User page tables isolation: enabled
[    0.000000] Hierarchical RCU implementation.
[    0.000000] 	Build-time adjustment of leaf fanout to 64.
[    0.000000] 	RCU restricting CPUs from NR_CPUS=512 to nr_cpu_ids=2.
[    0.000000] RCU: Adjusting geometry for rcu_fanout_leaf=64, nr_cpu_ids=2
[    0.000000] NR_IRQS:33024 nr_irqs:440 16
[    0.000000] Console: colour VGA+ 80x25
[    0.000000] console [tty1] enabled
[    0.000000] console [ttyS0] enabled
[    0.000000] tsc: Detected 1992.000 MHz processor
[    0.185416] Calibrating delay loop (skipped) preset value.. 3984.00 BogoMIPS (lpj=7968000)
[    0.187478] pid_max: default: 32768 minimum: 301
[    0.188568] ACPI: Core revision 20150930
[    0.191073] ACPI: 2 ACPI AML tables successfully acquired and loaded
[    0.192710] Security Framework initialized
[    0.193682] Yama: becoming mindful.
[    0.194647] AppArmor: AppArmor initialized
[    0.196435] Dentry cache hash table entries: 262144 (order: 9, 2097152 bytes)
[    0.198313] Inode-cache hash table entries: 131072 (order: 8, 1048576 bytes)
[    0.201491] Mount-cache hash table entries: 4096 (order: 3, 32768 bytes)
[    0.203061] Mountpoint-cache hash table entries: 4096 (order: 3, 32768 bytes)
[    0.204739] Initializing cgroup subsys io
[    0.205761] Initializing cgroup subsys memory
[    0.206823] Initializing cgroup subsys devices
[    0.208239] Initializing cgroup subsys freezer
[    0.209531] Initializing cgroup subsys net_cls
[    0.210616] Initializing cgroup subsys perf_event
[    0.211684] Initializing cgroup subsys net_prio
[    0.212770] Initializing cgroup subsys hugetlb
[    0.213986] Initializing cgroup subsys pids
[    0.216667] mce: CPU supports 0 MCE banks
[    0.217720] Last level iTLB entries: 4KB 64, 2MB 8, 4MB 8
[    0.218986] Last level dTLB entries: 4KB 64, 2MB 0, 4MB 0, 1GB 4
[    0.220266] Spectre V1 : Mitigation: usercopy/swapgs barriers and __user pointer sanitization
[    0.222286] Spectre V2 : Mitigation: Full generic retpoline
[    0.223549] Spectre V2 : Spectre v2 / SpectreRSB mitigation: Filling RSB on context switch
[    0.225697] Speculative Store Bypass: Vulnerable
[    0.226884] MDS: Vulnerable: Clear CPU buffers attempted, no microcode
[    0.231198] Freeing SMP alternatives memory: 36K
[    0.238455] ftrace: allocating 32296 entries in 127 pages
[    0.299257] smpboot: APIC(0) Converting physical 0 to logical package 0
[    0.300652] smpboot: Max logical packages: 1
[    0.302184] x2apic enabled
[    0.303255] Switched APIC routing to physical x2apic.
[    0.305769] ..TIMER: vector=0x30 apic1=0 pin1=2 apic2=-1 pin2=-1
[    0.415249] smpboot: CPU0: Intel(R) Core(TM) i7-8550U CPU @ 1.80GHz (family: 0x6, model: 0x8e, stepping: 0xa)
[    0.417888] Performance Events: unsupported p6 CPU model 142 no PMU driver, software events only.
[    0.428679] KVM setup paravirtual spinlock
[    0.431782] x86: Booting SMP configuration:
[    0.432922] .... node  #0, CPUs:      #1
[    0.434101] kvm-clock: cpu 1, msr 0:7ffe3041, secondary cpu clock
[    0.436696] mce: CPU supports 0 MCE banks
[    0.439323] x86: Booted up 1 node, 2 CPUs
[    0.440645] smpboot: Total of 2 processors activated (7968.00 BogoMIPS)
[    0.442557] devtmpfs: initialized
[    0.444914] evm: security.selinux
[    0.445770] evm: security.SMACK64
[    0.446667] evm: security.SMACK64EXEC
[    0.447641] evm: security.SMACK64TRANSMUTE
[    0.448778] evm: security.SMACK64MMAP
[    0.449791] evm: security.ima
[    0.450623] evm: security.capability
[    0.451871] clocksource: jiffies: mask: 0xffffffff max_cycles: 0xffffffff, max_idle_ns: 7645041785100000 ns
[    0.454066] futex hash table entries: 512 (order: 3, 32768 bytes)
[    0.455580] pinctrl core: initialized pinctrl subsystem
[    0.456935] RTC time: 12:02:56, date: 11/27/19
[    0.458145] NET: Registered protocol family 16
[    0.475326] cpuidle: using governor ladder
[    0.487043] cpuidle: using governor menu
[    0.488114] PCCT header not found.
[    0.489143] ACPI: bus type PCI registered
[    0.490141] acpiphp: ACPI Hot Plug PCI Controller Driver version: 0.5
[    0.491718] PCI: Using configuration type 1 for base access
[    0.504847] ACPI: Added _OSI(Module Device)
[    0.505833] ACPI: Added _OSI(Processor Device)
[    0.506947] ACPI: Added _OSI(3.0 _SCP Extensions)
[    0.508670] ACPI: Added _OSI(Processor Aggregator Device)
[    0.510388] ACPI: Executed 1 blocks of module-level executable AML code
[    0.514085] ACPI: Interpreter enabled
[    0.515115] ACPI: (supports S0 S5)
[    0.516073] ACPI: Using IOAPIC for interrupt routing
[    0.517411] PCI: Using host bridge windows from ACPI; if necessary, use "pci=nocrs" and report a bug
[    0.523113] ACPI: PCI Root Bridge [PCI0] (domain 0000 [bus 00-ff])
[    0.524460] acpi PNP0A03:00: _OSC: OS supports [ASPM ClockPM Segments MSI]
[    0.526177] acpi PNP0A03:00: _OSC: not requesting OS control; OS requires [ExtendedConfig ASPM ClockPM MSI]
[    0.528547] acpi PNP0A03:00: fail to add MMCONFIG information, can't access extended PCI configuration space under this bridge.
[    0.531273] PCI host bridge to bus 0000:00
[    0.532464] pci_bus 0000:00: root bus resource [io  0x0000-0x0cf7 window]
[    0.533879] pci_bus 0000:00: root bus resource [io  0x0d00-0xffff window]
[    0.535302] pci_bus 0000:00: root bus resource [mem 0x000a0000-0x000bffff window]
[    0.537197] pci_bus 0000:00: root bus resource [mem 0x80000000-0xfdffffff window]
[    0.538902] pci_bus 0000:00: root bus resource [bus 00-ff]
[    0.542036] pci 0000:00:01.1: legacy IDE quirk: reg 0x10: [io  0x01f0-0x01f7]
[    0.543614] pci 0000:00:01.1: legacy IDE quirk: reg 0x14: [io  0x03f6]
[    0.545016] pci 0000:00:01.1: legacy IDE quirk: reg 0x18: [io  0x0170-0x0177]
[    0.546453] pci 0000:00:01.1: legacy IDE quirk: reg 0x1c: [io  0x0376]
[    0.579402] pci 0000:00:07.0: quirk: [io  0x4000-0x403f] claimed by PIIX4 ACPI
[    0.581227] pci 0000:00:07.0: quirk: [io  0x4100-0x410f] claimed by PIIX4 SMB
[    0.594072] ACPI: PCI Interrupt Link [LNKA] (IRQs 5 9 10 *11)
[    0.596078] ACPI: PCI Interrupt Link [LNKB] (IRQs 5 9 *10 11)
[    0.597892] ACPI: PCI Interrupt Link [LNKC] (IRQs 5 *9 10 11)
[    0.599769] ACPI: PCI Interrupt Link [LNKD] (IRQs 5 9 10 *11)
[    0.601614] ACPI: Enabled 2 GPEs in block 00 to 07
[    0.603589] vgaarb: setting as boot device: PCI:0000:00:02.0
[    0.605004] vgaarb: device added: PCI:0000:00:02.0,decodes=io+mem,owns=io+mem,locks=none
[    0.606928] vgaarb: loaded
[    0.607659] vgaarb: bridge control possible 0000:00:02.0
[    0.608997] SCSI subsystem initialized
[    0.610053] ACPI: bus type USB registered
[    0.611061] usbcore: registered new interface driver usbfs
[    0.612355] usbcore: registered new interface driver hub
[    0.613550] usbcore: registered new device driver usb
[    0.615181] PCI: Using ACPI for IRQ routing
[    0.616619] NetLabel: Initializing
[    0.617502] NetLabel:  domain hash size = 128
[    0.618544] NetLabel:  protocols = UNLABELED CIPSOv4
[    0.619699] NetLabel:  unlabeled traffic allowed by default
[    0.621080] amd_nb: Cannot enumerate AMD northbridges
[    0.622334] clocksource: Switched to clocksource kvm-clock
[    0.632129] AppArmor: AppArmor Filesystem Enabled
[    0.633519] pnp: PnP ACPI init
[    0.635074] pnp: PnP ACPI: found 3 devices
[    0.647724] clocksource: acpi_pm: mask: 0xffffff max_cycles: 0xffffff, max_idle_ns: 2085701024 ns
[    0.649876] NET: Registered protocol family 2
[    0.651085] TCP established hash table entries: 16384 (order: 5, 131072 bytes)
[    0.652924] TCP bind hash table entries: 16384 (order: 6, 262144 bytes)
[    0.654331] TCP: Hash tables configured (established 16384 bind 16384)
[    0.655786] UDP hash table entries: 1024 (order: 3, 32768 bytes)
[    0.657089] UDP-Lite hash table entries: 1024 (order: 3, 32768 bytes)
[    0.658507] NET: Registered protocol family 1
[    0.659510] pci 0000:00:00.0: Limiting direct PCI/PCI transfers
[    0.660802] pci 0000:00:01.0: Activating ISA DMA hang workarounds
[    0.662209] Unpacking initramfs...
[    0.855062] Freeing initrd memory: 14836K
[    0.856181] clocksource: tsc: mask: 0xffffffffffffffff max_cycles: 0x396d519840e, max_idle_ns: 881590569543 ns
[    0.858593] platform rtc_cmos: registered platform RTC device (no PNP device found)
[    0.860490] Scanning for low memory corruption every 60 seconds
[    0.862323] audit: initializing netlink subsys (disabled)
[    0.863566] audit: type=2000 audit(1574856181.382:1): initialized
[    0.865158] Initialise system trusted keyring
[    0.866594] HugeTLB registered 2 MB page size, pre-allocated 0 pages
[    0.869017] zbud: loaded
[    0.870139] VFS: Disk quotas dquot_6.6.0
[    0.871142] VFS: Dquot-cache hash table entries: 512 (order 0, 4096 bytes)
[    0.872780] squashfs: version 4.0 (2009/01/31) Phillip Lougher
[    0.874764] fuse init (API version 7.23)
[    0.876288] Key type big_key registered
[    0.877522] Allocating IMA MOK and blacklist keyrings.
[    0.883035] Key type asymmetric registered
[    0.884233] Asymmetric key parser 'x509' registered
[    0.885513] Block layer SCSI generic (bsg) driver version 0.4 loaded (major 249)
[    0.887416] io scheduler noop registered
[    0.888353] io scheduler deadline registered (default)
[    0.889642] io scheduler cfq registered
[    0.890823] pci_hotplug: PCI Hot Plug PCI Core version: 0.5
[    0.892027] pciehp: PCI Express Hot Plug Controller Driver version: 0.4
[    0.893532] ACPI: AC Adapter [AC] (on-line)
[    0.894672] input: Power Button as /devices/LNXSYSTM:00/LNXPWRBN:00/input/input0
[    0.896438] ACPI: Power Button [PWRF]
[    0.897385] input: Sleep Button as /devices/LNXSYSTM:00/LNXSLPBN:00/input/input1
[    0.899576] ACPI: Sleep Button [SLPF]
[    0.900851] GHES: HEST is not enabled!
[    0.901545] ACPI: Battery Slot [BAT0] (battery present)
[    0.903172] Serial: 8250/16550 driver, 32 ports, IRQ sharing enabled
[    0.925167] 00:02: ttyS0 at I/O 0x3f8 (irq = 4, base_baud = 115200) is a 16550A
[    0.932682] Linux agpgart interface v0.103
[    0.937237] loop: module loaded
[    0.938708] scsi host0: ata_piix
[    0.939734] scsi host1: ata_piix
[    0.940650] ata1: PATA max UDMA/33 cmd 0x1f0 ctl 0x3f6 bmdma 0xd000 irq 14
[    0.942163] ata2: PATA max UDMA/33 cmd 0x170 ctl 0x376 bmdma 0xd008 irq 15
[    0.943747] libphy: Fixed MDIO Bus: probed
[    0.944927] tun: Universal TUN/TAP device driver, 1.6
[    0.946078] tun: (C) 1999-2004 Max Krasnyansky <maxk@qualcomm.com>
[    0.947714] PPP generic driver version 2.4.2
[    0.949286] ehci_hcd: USB 2.0 'Enhanced' Host Controller (EHCI) Driver
[    0.950802] ehci-pci: EHCI PCI platform driver
[    0.951875] ehci-platform: EHCI generic platform driver
[    0.953051] ohci_hcd: USB 1.1 'Open' Host Controller (OHCI) Driver
[    0.954410] ohci-pci: OHCI PCI platform driver
[    0.955482] ohci-platform: OHCI generic platform driver
[    0.956661] uhci_hcd: USB Universal Host Controller Interface driver
[    0.958047] i8042: PNP: PS/2 Controller [PNP0303:PS2K,PNP0f03:PS2M] at 0x60,0x64 irq 1,12
[    0.960630] serio: i8042 KBD port at 0x60,0x64 irq 1
[    0.961774] serio: i8042 AUX port at 0x60,0x64 irq 12
[    0.963655] mousedev: PS/2 mouse device common for all mice
[    0.965550] input: AT Translated Set 2 keyboard as /devices/platform/i8042/serio0/input/input2
[    0.968407] rtc_cmos rtc_cmos: rtc core: registered rtc_cmos as rtc0
[    0.970491] rtc_cmos rtc_cmos: alarms up to one day, 114 bytes nvram
[    0.971723] i2c /dev entries driver
[    0.972568] device-mapper: uevent: version 1.0.3
[    0.973614] device-mapper: ioctl: 4.34.0-ioctl (2015-10-28) initialised: dm-devel@redhat.com
[    0.975447] ledtrig-cpu: registered to indicate activity on CPUs
[    0.977251] NET: Registered protocol family 10
[    0.978405] NET: Registered protocol family 17
[    0.979415] Key type dns_resolver registered
[    0.981009] registered taskstats version 1
[    0.981958] Loading compiled-in X.509 certificates
[    0.983637] Loaded X.509 cert 'Build time autogenerated kernel key: 75bc1b51278a37d3abb49bab6b1b0161a6cc9ec0'
[    0.985689] zswap: loaded using pool lzo/zbud
[    0.988391] Key type trusted registered
[    0.991923] Key type encrypted registered
[    0.992886] AppArmor: AppArmor sha1 policy hashing enabled
[    0.994216] ima: No TPM chip found, activating TPM-bypass!
[    0.995605] ima: Allocated hash algorithm: sha1
[    0.996678] evm: HMAC attrs: 0x1
[    0.997932]   Magic number: 11:294:27
[    0.999364] rtc_cmos rtc_cmos: setting system clock to 2019-11-27 12:02:57 UTC (1574856177)
[    1.001448] BIOS EDD facility v0.16 2004-Jun-25, 0 devices found
[    1.003222] EDD information not available.
[    1.100171] Freeing unused kernel memory: 1488K
[    1.101867] Write protecting the kernel read-only data: 14336k
[    1.103876] Freeing unused kernel memory: 1604K
[    1.105361] Freeing unused kernel memory: 60K
Loading, please wait...
starting version 229
[    1.119317] random: systemd-udevd: uninitialized urandom read (16 bytes read, 3 bits of entropy available)
[    1.119877] random: udevadm: uninitialized urandom read (16 bytes read, 3 bits of entropy available)
[    1.119892] random: udevadm: uninitialized urandom read (16 bytes read, 3 bits of entropy available)
[    1.126109] random: systemd-udevd: uninitialized urandom read (16 bytes read, 3 bits of entropy available)
[    1.128222] random: systemd-udevd: uninitialized urandom read (16 bytes read, 3 bits of entropy available)
[    1.128240] random: udevadm: uninitialized urandom read (16 bytes read, 3 bits of entropy available)
[    1.128278] random: udevadm: uninitialized urandom read (16 bytes read, 3 bits of entropy available)
[    1.128427] random: udevadm: uninitialized urandom read (16 bytes read, 3 bits of entropy available)
[    1.128474] random: udevadm: uninitialized urandom read (16 bytes read, 3 bits of entropy available)
[    1.128519] random: udevadm: uninitialized urandom read (16 bytes read, 3 bits of entropy available)
[    1.168459] e1000: Intel(R) PRO/1000 Network Driver - version 7.3.21-k8-NAPI
[    1.170088] e1000: Copyright (c) 1999-2006 Intel Corporation.
[    1.174092] Fusion MPT base driver 3.04.20
[    1.175096] Copyright (c) 1999-2008 LSI Corporation
[    1.181535] Fusion MPT SPI Host driver 3.04.20
[    1.192262] AVX2 version of gcm_enc/dec engaged.
[    1.193441] AES CTR mode by8 optimization enabled
[    1.383794] input: ImExPS/2 Generic Explorer Mouse as /devices/platform/i8042/serio1/input/input4
[    1.542680] e1000 0000:00:03.0 eth0: (PCI:33MHz:32-bit) 02:95:cf:22:ea:76
[    1.544149] e1000 0000:00:03.0 eth0: Intel(R) PRO/1000 Network Connection
[    1.902964] e1000 0000:00:08.0 eth1: (PCI:33MHz:32-bit) 08:00:27:93:40:96
[    1.904510] e1000 0000:00:08.0 eth1: Intel(R) PRO/1000 Network Connection
[    1.907237] e1000 0000:00:03.0 enp0s3: renamed from eth0
[    1.909097] mptbase: ioc0: Initiating bringup
[    1.919461] e1000 0000:00:08.0 enp0s8: renamed from eth1
[    1.981316] ioc0: LSI53C1030 A0: Capabilities={Initiator}
[    2.873102] scsi host2: ioc0: LSI53C1030 A0, FwRev=00000000h, Ports=1, MaxQ=256, IRQ=20
[    3.710668] scsi 2:0:0:0: Direct-Access     VBOX     HARDDISK         1.0  PQ: 0 ANSI: 5
[    3.712621] scsi target2:0:0: Beginning Domain Validation
[    3.716299] scsi target2:0:0: Domain Validation skipping write tests
[    3.717484] scsi target2:0:0: Ending Domain Validation
[    3.718580] scsi target2:0:0: asynchronous
[    3.719953] scsi 2:0:1:0: Direct-Access     VBOX     HARDDISK         1.0  PQ: 0 ANSI: 5
[    3.733603] scsi target2:0:1: Beginning Domain Validation
[    3.737289] scsi target2:0:1: Domain Validation skipping write tests
[    3.738474] scsi target2:0:1: Ending Domain Validation
[    3.739538] scsi target2:0:1: asynchronous
[    3.747827] sd 2:0:0:0: Attached scsi generic sg0 type 0
[    3.749106] sd 2:0:1:0: Attached scsi generic sg1 type 0
[    3.749291] sd 2:0:0:0: [sda] 20971520 512-byte logical blocks: (10.7 GB/10.0 GiB)
[    3.752751] sd 2:0:1:0: [sdb] 20480 512-byte logical blocks: (10.5 MB/10.0 MiB)
[    3.754802] sd 2:0:0:0: [sda] Write Protect is off
[    3.756144] sd 2:0:0:0: [sda] Incomplete mode parameter data
[    3.757295] sd 2:0:0:0: [sda] Assuming drive cache: write through
[    3.758503] sd 2:0:1:0: [sdb] Write Protect is off
[    3.759968] sd 2:0:1:0: [sdb] Incomplete mode parameter data
[    3.761590] sd 2:0:1:0: [sdb] Assuming drive cache: write through
[    3.766468]  sda: sda1
[    3.768587] sd 2:0:0:0: [sda] Attached SCSI disk
[    3.770115] sd 2:0:1:0: [sdb] Attached SCSI disk
Begin: Loading essential drivers ... [    5.186949] md: linear personality registered for level -1
[    5.189849] md: multipath personality registered for level -4
[    5.193009] md: raid0 personality registered for level 0
[    5.197162] md: raid1 personality registered for level 1
[    5.266376] raid6: sse2x1   gen() 12258 MB/s
[    5.334677] raid6: sse2x1   xor()  8958 MB/s
[    5.402540] raid6: sse2x2   gen() 14145 MB/s
[    5.470343] raid6: sse2x2   xor()  9461 MB/s
[    5.538665] raid6: sse2x4   gen() 16801 MB/s
[    5.606597] raid6: sse2x4   xor() 11048 MB/s
[    5.674933] raid6: avx2x1   gen() 22421 MB/s
[    5.743257] raid6: avx2x2   gen() 25722 MB/s
[    5.810591] raid6: avx2x4   gen() 28359 MB/s
[    5.811779] raid6: using algorithm avx2x4 gen() 28359 MB/s
[    5.813133] raid6: using avx2x2 recovery algorithm
[    5.815988] xor: automatically using best checksumming function:
[    5.854387]    avx       : 28870.000 MB/sec
[    5.856379] async_tx: api initialized (async)
[    5.865468] md: raid6 personality registered for level 6
[    5.866635] md: raid5 personality registered for level 5
[    5.867919] md: raid4 personality registered for level 4
[    5.874464] md: raid10 personality registered for level 10
done.
Begin: Running /scripts/init-premount ... done.
Begin: Mounting root file system ... Begin: Running /scripts/local-top ... done.
Begin: Running /scripts/local-premount ... [    5.903641] Btrfs loaded
Scanning for Btrfs filesystems
done.
Warning: fsck not present, so skipping root file system
[    5.932996] EXT4-fs (sda1): mounted filesystem with ordered data mode. Opts: (null)
done.
Begin: Running /scripts/local-bottom ... done.
Begin: Running /scripts/init-bottom ... done.
[    6.013045] systemd[1]: systemd 229 running in system mode. (+PAM +AUDIT +SELINUX +IMA +APPARMOR +SMACK +SYSVINIT +UTMP +LIBCRYPTSETUP +GCRYPT +GNUTLS +ACL +XZ -LZ4 +SECCOMP +BLKID +ELFUTILS +KMOD -IDN)
[    6.016901] systemd[1]: Detected virtualization oracle.
[    6.018063] systemd[1]: Detected architecture x86-64.

Welcome to [1mUbuntu 16.04.6 LTS[0m!

[    6.027723] systemd[1]: Set hostname to <ubuntu>.
[    6.031939] systemd[1]: Initializing machine ID from random generator.
[    6.033255] systemd[1]: Installed transient /etc/machine-id file.
[    6.158853] systemd[1]: Set up automount Arbitrary Executable File Formats File System Automount Point.
[[0;32m  OK  [0m] Set up automount Arbitrary Executab...ats File System Automount Point.
[    6.733474] systemd[1]: Listening on Device-mapper event daemon FIFOs.
[[0;32m  OK  [0m] Listening on Device-mapper event daemon FIFOs.
[    6.748655] systemd[1]: Listening on /dev/initctl Compatibility Named Pipe.
[[0;32m  OK  [0m] Listening on /dev/initctl Compatibility Named Pipe.
[    6.842595] systemd[1]: Listening on Journal Socket.
[[0;32m  OK  [0m] Listening on Journal Socket.
[    6.844720] systemd[1]: Reached target Encrypted Volumes.
[[0;32m  OK  [0m] Reached target Encrypted Volumes.
[    6.854807] systemd[1]: Listening on Syslog Socket.
[[0;32m  OK  [0m] Listening on Syslog Socket.
[    6.856784] systemd[1]: Listening on LVM2 metadata daemon socket.
[[0;32m  OK  [0m] Listening on LVM2 metadata daemon socket.
[    6.859106] systemd[1]: Started Forward Password Requests to Wall Directory Watch.
[[0;32m  OK  [0m] Started Forward Password Requests to Wall Directory Watch.
[    6.861854] systemd[1]: Listening on LVM2 poll daemon socket.
[[0;32m  OK  [0m] Listening on LVM2 poll daemon socket.
[    6.864497] systemd[1]: Reached target System Time Synchronized.
[[0;32m  OK  [0m] Reached target System Time Synchronized.
[    6.866603] systemd[1]: Listening on Journal Socket (/dev/log).
[[0;32m  OK  [0m] Listening on Journal Socket (/dev/log).
[    6.876504] systemd[1]: Listening on udev Control Socket.
[[0;32m  OK  [0m] Listening on udev Control Socket.
[    7.657166] systemd[1]: Created slice User and Session Slice.
[[0;32m  OK  [0m] Created slice User and Session Slice.
[    7.675299] systemd[1]: Reached target Swap.
[[0;32m  OK  [0m] Reached target Swap.
[    7.729351] systemd[1]: Listening on udev Kernel Socket.
[[0;32m  OK  [0m] Listening on udev Kernel Socket.
[    7.748421] systemd[1]: Listening on Journal Audit Socket.
[[0;32m  OK  [0m] Listening on Journal Audit Socket.
[    7.845358] systemd[1]: Reached target User and Group Name Lookups.
[[0;32m  OK  [0m] Reached target User and Group Name Lookups.
[    7.855919] systemd[1]: Started Trigger resolvconf update for networkd DNS.
[[0;32m  OK  [0m] Started Trigger resolvconf update for networkd DNS.
[    7.858752] systemd[1]: Created slice System Slice.
[[0;32m  OK  [0m] Created slice System Slice.
[    7.870854] systemd[1]: Starting Remount Root and Kernel File Systems...
         Starting Remount Root and Kernel File Systems...
[    7.873753] systemd[1]: Mounting Debug File System...
         Mounting Debug File System...
[    7.877284] systemd[1]: Mounting Huge Pages File System...
         Mounting Huge Pages File System...
[    7.881189] systemd[1]: Mounting POSIX Message Queue File System...
[    7.882816] EXT4-fs (sda1): re-mounted. Opts: (null)
         Mounting POSIX Message Queue File System...
[    7.891026] systemd[1]: Starting Monitoring of LVM2 mirrors, snapshots etc. using dmeventd or progress polling...
         Starting Monitoring of LVM2 mirrors... dmeventd or progress polling...
[    7.895026] systemd[1]: Starting Set console keymap...
         Starting Set console keymap...
[    7.905361] systemd[1]: Starting Load Kernel Modules...
         Starting Load Kernel Modules...
[    7.907398] systemd[1]: Created slice system-serial\x2dgetty.slice.
[[0;32m  OK  [0m] Created slice system-serial\x2dgetty.slice.
[    7.911904] systemd[1]: Starting Uncomplicated firewall...
         Starting Uncomplicated firewall...
[    7.915497] systemd[1]: Starting Journal Service...
         Starting Journal Service...
[    7.917216] Loading iSCSI transport class v2.0-870.
[    7.918746] systemd[1]: Starting Create list of required static device nodes for the current kernel...
         Starting Create list of required st... nodes for the current kernel...
[    7.925082] systemd[1]: Reached target Slices.
[[0;32m  OK  [0m] Reached target Slices.
[    7.930404] iscsi: registered transport (tcp)
[    7.934999] systemd[1]: Starting Nameserver information manager...
         Starting Nameserver information manager...
[    7.944010] systemd[1]: Mounted POSIX Message Queue File System.
[[0;32m  OK  [0m] Mounted POSIX Message Queue File System.
[    7.950757] systemd[1]: Mounted Huge Pages File System.
[[0;32m  OK  [0m] Mounted Huge Pages File System.
[    7.962558] systemd[1]: Mounted Debug File System.
[[0;32m  OK  [0m] Mounted Debug File System.
[    7.964785] iscsi: registered transport (iser)
[    7.964795] systemd[1]: Started Journal Service.
[[0;32m  OK  [0m] Started Journal Service.
[[0;32m  OK  [0m] Started Remount Root and Kernel File Systems.
[[0;32m  OK  [0m] Started Load Kernel Modules.
[[0;32m  OK  [0m] Started Set console keymap.
[[0;32m  OK  [0m] Started Uncomplicated firewall.
[[0;32m  OK  [0m] Started Create list of required sta...ce nodes for the current kernel.
[[0;32m  OK  [0m] Started Nameserver information manager.
[[0;32m  OK  [0m] Started LVM2 metadata daemon.
         Starting Create Static Device Nodes in /dev...
         Mounting FUSE Control File System...
         Starting Apply Kernel Variables...
         Starting udev Coldplug all Devices...
         Starting Load/Save Random Seed...
         Starting Flush Journal to Persistent Storage...
[[0;32m  OK  [0m] Mounted FUSE Control File System.
[[0;32m  OK  [0m] Started Apply Kernel Variables.
[[0;32m  OK  [0m] Started Load/Save Random Seed.
[[0;32m  OK  [0m] Started Create Static Device Nodes in /dev.
[[0;32m  OK  [0m] Started udev Coldplug all Devices.
[[0;32m  OK  [0m] Started Flush Journal to Persistent Storage.
         Starting udev Kernel Device Manager...
[[0;32m  OK  [0m] Started udev Kernel Device Manager.
[[0;32m  OK  [0m] Started Dispatch Password Requests to Console Directory Watch.
[[0;32m  OK  [0m] Found device /dev/ttyS0.
[[0;32m  OK  [0m] Listening on Load/Save RF Kill Switch Status /dev/rfkill Watch.
[[0;32m  OK  [0m] Started Monitoring of LVM2 mirrors,...ng dmeventd or progress polling.
[[0;32m  OK  [0m] Reached target Local File Systems (Pre).
[[0;32m  OK  [0m] Reached target Local File Systems.
         Starting LSB: AppArmor initialization...
         Starting Set console font and keymap...
         Starting Tell Plymouth To Write Out Runtime Data...
         Starting Create Volatile Files and Directories...
         Starting Commit a transient machine-id on disk...
         Starting Initial cloud-init job (pre-networking)...
[[0;32m  OK  [0m] Started Tell Plymouth To Write Out Runtime Data.
[[0;32m  OK  [0m] Started Create Volatile Files and Directories.
[[0;32m  OK  [0m] Started Commit a transient machine-id on disk.
         Starting Update UTMP about System Boot/Shutdown...
[[0;32m  OK  [0m] Started Update UTMP about System Boot/Shutdown.
[[0;32m  OK  [0m] Started Set console font and keymap.
[[0;32m  OK  [0m] Created slice system-getty.slice.
[   10.110719] cloud-init[654]: Cloud-init v. 19.2-36-g059d049c-0ubuntu2~16.04.1 running 'init-local' at Wed, 27 Nov 2019 12:03:06 +0000. Up 9.66 seconds.
[[0;32m  OK  [0m] Started Initial cloud-init job (pre-networking).
[[0;32m  OK  [0m] Reached target Network (Pre).
[[0;32m  OK  [0m] Started LSB: AppArmor initialization.
         Starting Raise network interfaces...
[[0;32m  OK  [0m] Started Raise network interfaces.
         Starting Initial cloud-init job (metadata service crawler)...
[[0;32m  OK  [0m] Reached target Network.
[   11.546105] cloud-init[955]: Cloud-init v. 19.2-36-g059d049c-0ubuntu2~16.04.1 running 'init' at Wed, 27 Nov 2019 12:03:07 +0000. Up 10.99 seconds.
[   11.553574] cloud-init[955]: ci-info: ++++++++++++++++++++++++++++++++++++++Net device info+++++++++++++++++++++++++++++++++++++++
[   11.560801] cloud-init[955]: ci-info: +--------+-------+----------------------------+---------------+--------+-------------------+
[   11.568595] cloud-init[955]: ci-info: | Device |   Up  |          Address           |      Mask     | Scope  |     Hw-Address    |
[   11.576421] cloud-init[955]: ci-info: +--------+-------+----------------------------+---------------+--------+-------------------+
[   11.585270] cloud-init[955]: ci-info: | enp0s3 |  True |         10.0.2.15          | 255.255.255.0 | global | 02:95:cf:22:ea:76 |
[   11.593419] cloud-init[955]: ci-info: | enp0s3 |  True | fe80::95:cfff:fe22:ea76/64 |       .       |  link  | 02:95:cf:22:ea:76 |
[   11.594868] [[0;32m  OK  [0m] Started Initial cloud-init job (metadata service crawler).
[[0;32m  OK  [0m] Reached target System Initialization.
[[0;32m  OK  [0m] Started Daily Cleanup of Temporary Directories.
[[0;32m  OK  [0m] Listening on D-Bus System Message Bus Socket.
[[0;32m  OK  [0m] Listening on UUID daemon activation socket.
[[0;32m  OK  [0m] Started Daily apt download activities.
[[0;32m  OK  [0m] Started Message of the Day.
         Starting Socket activation for snappy daemon.
[[0;32m  OK  [0m] Started Daily apt upgrade and clean activities.
[[0;32m  OK  [0m] Reached target Timers.
[[0;32m  OK  [0m] Listening on ACPID Listen Socket.
         Starting LXD - unix socket.
cloud-init[955]: ci-info: | enp0s8 | False |             .              |       .       |   .    | 08:00:27:93:40:96 |[[0;32m  OK  [0m] Started ACPI Events Check.
[[0;32m  OK  [0m] Reached target Paths.
[[0;32m  OK  [0m] Reached target Network is Online.

[   11.606907] cloud-init[955]: ci-info: |   lo   |  True |         127.0.0.1          |   255.0.0.0   |  host  |         .         |
[   11.608655] cloud-init[955]: ci-info: |   lo   |  True |          ::1/128           |       .       |  host  |         .         |
[   11.610718] cloud-init[955]: ci-info: +--------+-------+----------------------------+---------------+--------+-------------------+
[   11.612594] cloud-init[955]: ci-info: +++++++++++++++++++++++++++Route IPv4 info++++++++++++++++++++++++++++
[   11.614246] cloud-init[955]: ci-info: +-------+-------------+----------+---------------+-----------+-------+
[   11.615692] cloud-init         Starting iSCSI initiator daemon (iscsid)...
[[0;32m  OK  [0m] Reached target Cloud-config availability.
[[0;32m  OK  [0m] Listening on Socket activation for snappy daemon.
[[0;32m  OK  [0m] Listening on LXD - unix socket.
[955]: ci-info: | Route | Destination | Gateway  |    Genmask    | Interface | Flags |[[0;32m  OK  [0m] Reached target Sockets.
[[0;32m  OK  [0m] Reached target Basic System.
[[0;32m  OK  [0m] Started D-Bus System Message Bus.

[   11.621759] cloud-init[955]: ci-info: +-------+-------------+----------+---------------+-----------+-------+
[   11.623590] cloud-init[955]: ci-info: |   0   |   0.0.0.0   | 10.0.2.2 |    0.0.0.0    |   enp0s3  |   UG  |
[   11.626351] cloud-init[955]: ci-info: |   1   |   10.0.2.0  | 0.0.0.0  | 255.255.255.0 |   enp0s3  |   U   |
[   11.628253] cloud-init[955]: ci-info: +-------+-------------+----------+---------------+-----------+-------+
[   11.630019] cloud-init[955]: ci-info: +++++++++++++++++++Route IPv6 info+++++++++++++++++++
[   11.633038] cloud-init[955]: ci-info: +-------+-------------+---------+-----------+-------+
[   11.635258] cloud-init[955]: ci-info: | Route | Destination | Gateway | Interface | Flags |
[   11.637522] cloud-init[955]: ci-info: +-------+-------------+---------+-----------+-------+
[   11.639275] cloud-init[955]: ci-info: |   0   |  fe80::/64  |    ::   |   enp0s3  |   U   |
[   11.641078] cloud-init[955]: ci-info: |   3   |   ff00::/8  |    ::   |   enp0s3  |   U   |
[   11.642667] cloud-init[955]: ci-info: +-------+-------------+---------+-----------+-------+
[   11.645175] cloud-init[955]: Generating public/private rsa key pair.
[   11.647212] cloud-init[955]: Your identification has been saved in /etc/ssh/ssh_host_rsa_key.
[   11.648663] cloud-init[955]: Your public key has been saved in /etc/ssh/ssh_host_rsa_key.pub.
[   11.649860] cloud-init[955]: The key fingerprint is:
[   11.650767] cloud-init[955]: SHA256:Trw0533DnjobqAH/EflQVIhDlaMVdzzOFVFvYACKAas root@ubuntu-xenial
[   11.651999] cloud-init[955]: The key's randomart image is:
[   11.652999] cloud-init[955]: +---[RSA 2048]----+
[   11.653877] cloud-init[955]: |    ...  .o+=*=+*|
[   11.654793] cloud-init[955]: |     . o .o.=o ++|
[   11.655695] cloud-init[955]: |    . . .  +..o =|
[   11.656650] cloud-init[955]: |   .   .  .o   + |
[   11.657552] cloud-init[955]: |  E   . S =      |
[   11.658455] cloud-init[955]: |       * = * .   |
[   11.659351] cloud-init[955]: |        = + + +  |
[[0;32m  OK  [0m] Started ACPI event daemon.
[   11.660618] cloud-init[955]:          Starting Accounts Service...
[[0;32m  OK  [0m] Started FUSE filesystem for LXC.
         Starting Virtualbox guest utils...
|         + ..+ o |
[   11.663577] cloud-init[955]: |        . . o+o  |
[   11.664422] cloud-init[955]: +----[SHA256]-----+
[   11.665476] cloud-init[955]: Generating public/private dsa key pair.
[   11.669376]          Starting Pollinate to seed the pseudo random number generator...
         Starting Login Service...
         Starting LXD - container startup/shutdown...
[[0;32m  OK  [0m] Started Deferred execution scheduler.
         Starting /etc/rc.local Compatibility...
cloud-init[955]: Your identification has been saved in /etc/ssh/ssh_host_dsa_key.         Starting System Logging Service...
         Starting LSB: MD monitoring daemon...
[[0;32m  OK  [0m] Started Regular background program processing daemon.
         Starting LSB: Record successful boot for GRUB...

[   11.683357] cloud-init[955]: Your public key has been saved in /etc/ssh/ssh_host_dsa_key.pub.
[   11.687381] cloud-init[955]: The key fingerprint is:
[   11.690707] cloud-init[955]: SHA256:w84SfxlIUfpkITUIdCjWSuHpkHN59Tm316tda1Wgod4 root@ubuntu-xenial
[   11.692019] cloud-init[955]: The key's randomart image is:
         Starting Snappy daemon...
[[0;32m  OK  [0m] Started System Logging Service.
[[0;32m  OK  [0m] Started /etc/rc.local Compatibility.
[   11.704221] cloud-init[955]: +---[DSA 1024]----+
[   11.714992] cloud-init[955]: |    .+oo=+=      |
[   11.717132] cloud-init[955]: |   o+ooo.= +. .  |
[   11.721323] cloud-init[955]: |  +o=o. o *..o . |
[[0;32m  OK  [0m] Started iSCSI initiator daemon (iscsid).
[   11.735941] cloud-init[955]: |   =.. o =.o.. ..|
[   11.751508] cloud-init[955]: |    . . S.o.. . o|
[   11.752427] cloud-init[955]: |       = ..oE.  o|
[   11.753307] cloud-init[955]: |      . + o    .o|
[   11.755067] cloud-init[955]: |       . .    o.o|
[   11.756417] cloud-init[955]: |             ..o |
[   11.766559] cloud-init[955]: +----[SHA256]-----+
[   11.767378] cloud-init[955]: Generating public/private ecdsa key pair.
[   11.768315] cloud-init[955]: Your identification has been saved in /etc/ssh/ssh_host_ecdsa_key.
[   11.770512] cloud-init[955]: Your public key has been saved in /etc/ssh/ssh_host_ecdsa_key.pub.
[   11.779374] cloud-init[955]: The key fingerprint is:
[   11.791174] cloud-init[955]: SHA256:TZe4iHgUzJQvP5hTm+EF3mxpwfSVgtVrsy7CRlIPCdk root@ubuntu-xenial
[[0;32m  OK  [0m] Started LSB: Record successful boot for GRUB.
[[0;32m  OK  [0m] Started Login Service.
[   11.797860] cloud-init[955]: The key's randomart image is:
[   11.802389] cloud-init[955]: +---[ECDSA 256]---+
[   11.803903] cloud-init[955]: |     +o. =.o.... |
[   11.808542] cloud-init[955]: |      +.+ Eo.oo  |
[   11.809549] cloud-init[955]: |      .o =o++. . |
[   11.810782] cloud-init[955]: |     o..=+@o  +  |
[   11.812421] cloud-init[955]: |    . oBSOoo . o |
[   11.813787] cloud-init[955]: |     .+ B . . .  |
[[0;32m  OK  [0m] Started Unattended Upgrades Shutdown.
         Starting Authenticate and Authorize Users to Run Privileged Tasks...
         Starting Login to default iSCSI targets...
[[0;32m  OK  [0m] Started LXD - container startup/shutdown.
[[0;32m  OK  [0m] Started LSB: MD monitoring daemon.
[   11.816095] cloud-init[955]: |       . =   .   |
[   11.848268] cloud-init[955]: |          + . .  |
[   11.850975] cloud-init[955]: |         . . .   |
[   11.855049] cloud-init[955]: +----[SHA256]-----+
[   11.857218] cloud-init[955]: Generating public/private ed25519 key pair.
[[0;32m  OK  [0m] Started Authenticate and Authorize Users to Run Privileged Tasks.
[   11.863293] cloud-init[955]: Your identification has been saved in /etc/ssh/ssh_host_ed25519_key.
[   11.865211] cloud-init[955]: Your public key has been saved in /etc/ssh/ssh_host_ed25519_key.pub.
[   11.870432] cloud-init[955]: The key fingerprint is:
[   11.872723] [[0;32m  OK  [0m] Started Login to default iSCSI targets.
cloud-init[955]: SHA256:mEy32y+VtAG/e78NlHOoEPylowQ5x7HBZbb1G6i9Lfw root@ubuntu-xenial[[0;32m  OK  [0m] Started Accounts Service.

[[0;32m  OK  [0m] Reached target Remote File Systems (Pre).
[[0;32m  OK  [0m] Reached target Remote File Systems.
[   11.880333] cloud-init[955]: The key's randomart image is:
[   11.881557] cloud-init[955]: +--[ED25519 256]--+
[   11.885163] cloud-init[955]: |         .o.+ .  |
[   11.887878] cloud-init[955]:          Starting Permit User Sessions...
         Starting LSB: automatic crash report generation...
         Starting LSB: daemon to balance interrupts for SMP systems...
         Starting LSB: Set the CPU Frequency Scaling governor to "ondemand"...
|         +o* o.. |
[   11.897536] cloud-init[955]: |      . = *o.....|
[   11.909038] [cloud-init[0;32m  OK  [0m[955]: ] |     o + = o*o oo|Started Permit User Sessions.

[[0;32m  OK  [0m] Started Virtualbox guest utils.
[   11.909607] cloud-init[955]: |      + S oo+*=..|
[   11.937127] cloud-init[955]: |         + o*+oo |
[   11.938539] cloud-init[955]: |        . o..=.. |
[   11.939224] cloud-init[955]: |          ... +..|
[   11.939910] cloud-init[955]: |           ... E+|
[   11.945546] cloud-init[955]: +----[SHA256]-----+
         Starting Terminate Plymouth Boot Screen...
         Starting Hold until boot process finishes up...
[[0;32m  OK  [0m] Started LSB: automatic crash report generation.
[[0;32m  OK  [0m] Started Hold until boot process finishes up.
[[0;32m  OK  [0m] Started Terminate Plymouth Boot Screen.
[[0;32m  OK  [0m] Started LSB: Set the CPU Frequency Scaling governor to "ondemand".
         Starting Set console scheme...
[[0;32m  OK  [0m] Started Serial Getty on ttyS0.
[[0;32m  OK  [0m] Started Getty on tty1.
[[0;32m  OK  [0m] Reached target Login Prompts.
[[0;32m  OK  [0m] Started Snappy daemon.
[[0;32m  OK  [0m] Started LSB: daemon to balance interrupts for SMP systems.
[[0;32m  OK  [0m] Started Set console scheme.
         Starting Wait until snapd is fully seeded...
[[0;32m  OK  [0m] Started Pollinate to seed the pseudo random number generator.
         Starting OpenBSD Secure Shell server...
[[0;32m  OK  [0m] Started OpenBSD Secure Shell server.
[[0;32m  OK  [0m] Created slice User Slice of vagrant.
         Starting User Manager for UID 1000...
[[0;32m  OK  [0m] Started Session 1 of user vagrant.
[[0;32m  OK  [0m] Started User Manager for UID 1000.
[[0;32m  OK  [0m] Started Wait until snapd is fully seeded.
         Starting Apply the settings specified in cloud-config...
[[0;32m  OK  [0m] Reached target Multi-User System.
[[0;32m  OK  [0m] Reached target Graphical Interface.
         Starting Update UTMP about System Runlevel Changes...
[[0;32m  OK  [0m] Started Update UTMP about System Runlevel Changes.
[   13.651015] cloud-init[1388]: Generating locales (this might take a while)...
[   14.676231] cloud-init[1388]:   en_US.UTF-8... done
[   14.684385] cloud-init[1388]: Generation complete.
[   15.001025] cloud-init[1388]: Cloud-init v. 19.2-36-g059d049c-0ubuntu2~16.04.1 running 'modules:config' at Wed, 27 Nov 2019 12:03:10 +0000. Up 13.51 seconds.
[[0;32m  OK  [0m] Started Apply the settings specified in cloud-config.
         Starting Execute cloud user/final scripts...
ci-info: no authorized ssh keys fingerprints found for user ubuntu.
<14>Nov 27 12:03:12 ec2: 
<14>Nov 27 12:03:12 ec2: #############################################################
<14>Nov 27 12:03:12 ec2: -----BEGIN SSH HOST KEY FINGERPRINTS-----
<14>Nov 27 12:03:12 ec2: 1024 SHA256:w84SfxlIUfpkITUIdCjWSuHpkHN59Tm316tda1Wgod4 root@ubuntu-xenial (DSA)
<14>Nov 27 12:03:12 ec2: 256 SHA256:TZe4iHgUzJQvP5hTm+EF3mxpwfSVgtVrsy7CRlIPCdk root@ubuntu-xenial (ECDSA)
<14>Nov 27 12:03:12 ec2: 256 SHA256:mEy32y+VtAG/e78NlHOoEPylowQ5x7HBZbb1G6i9Lfw root@ubuntu-xenial (ED25519)
<14>Nov 27 12:03:12 ec2: 2048 SHA256:Trw0533DnjobqAH/EflQVIhDlaMVdzzOFVFvYACKAas root@ubuntu-xenial (RSA)
<14>Nov 27 12:03:12 ec2: -----END SSH HOST KEY FINGERPRINTS-----
<14>Nov 27 12:03:12 ec2: #############################################################
-----BEGIN SSH HOST KEY KEYS-----
ecdsa-sha2-nistp256 AAAAE2VjZHNhLXNoYTItbmlzdHAyNTYAAAAIbmlzdHAyNTYAAABBBHHmwNPZIKrh7epjlJgPKsNBfIDGV9xmOtO84rdT96yW+lhZNjocAUb8JFqnX3UnTQ1iod6pOWc1onru+/qSxBU= root@ubuntu-xenial
ssh-ed25519 AAAAC3NzaC1lZDI1NTE5AAAAIFwDpdXbSMJJs1LqDBNDhNcl+QwT6fPPuRBpRwCwqS10 root@ubuntu-xenial
ssh-rsa AAAAB3NzaC1yc2EAAAADAQABAAABAQDxPKfAXxS6Nnxw43w5qIX+BKeijXtg24eNH9IV9g7ll6OL/8S2GcIotBVS/LSVo4uwq+4uecnvUXd4pDYTTBYRgBEXRGchtqv3WCum1B2gdYaWv91ILNq9UIMFJ+CQ8LMHcjM3ulgyx0FbftMKJZwQUz8KY2ftSNgORuAygWdMN2RayzXQJEOUsOA3zlJbXiRBon2pmZxxmGL62Hmbtu4UqbyGn+oLHjXvBoF0iNL9h5rLYHApHfQ0uEruNhQPlFTgVE9GqkFV/1taCp3rUn6hEuXwSZR8KtDVYTFblyqesQAwb14lQWzueZgbd8haX76vhh3qFudXReEq45Af7hM3 root@ubuntu-xenial
-----END SSH HOST KEY KEYS-----
[   15.605235] cloud-init[1554]: Cloud-init v. 19.2-36-g059d049c-0ubuntu2~16.04.1 running 'modules:final' at Wed, 27 Nov 2019 12:03:12 +0000. Up 15.42 seconds.
[   15.607264] cloud-init[1554]: ci-info: no authorized ssh keys fingerprints found for user ubuntu.
[   15.608667] cloud-init[1554]: Cloud-init v. 19.2-36-g059d049c-0ubuntu2~16.04.1 finished at Wed, 27 Nov 2019 12:03:12 +0000. Datasource DataSourceNoCloud [seed=/dev/sdb][dsmode=net].  Up 15.59 seconds
[[0;32m  OK  [0m] Started Execute cloud user/final scripts.
[[0;32m  OK  [0m] Reached target Cloud-init target.

Ubuntu 16.04.6 LTS docker ttyS0

docker login: [[0;32m  OK  [0m] Stopped target Graphical Interface.
         Stopping ACPI event daemon...
         Stopping Authenticate and Authorize Users to Run Privileged Tasks...
[[0;32m  OK  [0m] Stopped target Timers.
[[0;32m  OK  [0m] Stopped Daily Cleanup of Temporary Directories.
[[0;32m  OK  [0m] Stopped target Cloud-init target.
         Stopping Accounts Service...
[[0;32m  OK  [0m] Stopped Execute cloud user/final scripts.
[[0;32m  OK  [0m] Stopped target Multi-User System.
         Stopping LSB: Set up cgroupfs mounts....
         Stopping OpenBSD Secure Shell server...
[[0;32m  OK  [0m] Stopped target Login Prompts.
         Stopping LSB: Record successful boot for GRUB...
         Stopping LXD - container startup/shutdown...
         Stopping Ubuntu FAN network setup...
         Stopping LSB: MD monitoring daemon...
         Stopping FUSE filesystem for LXC...
         Stopping Regular background program processing daemon...
         Stopping Deferred execution scheduler...
         Stopping LSB: automatic crash report generation...
         Stopping Docker Application Container Engine...
         Stopping LSB: Set the CPU Frequency Scaling governor to "ondemand"...
         Stopping Serial Getty on ttyS0...
         Stopping D-Bus System Message Bus...
[[0;32m  OK  [0m] Stopped Message of the Day.
[[0;32m  OK  [0m] Stopped Daily apt upgrade and clean activities.
[[0;32m  OK  [0m] Stopped Daily apt download activities.
[[0;32m  OK  [0m] Stopped target System Time Synchronized.
         Stopping Virtualbox guest utils...
         Stopping Getty on tty1...
         Stopping LSB: daemon to balance interrupts for SMP systems...
         Stopping Login Service...
[[0;32m  OK  [0m] Closed Load/Save RF Kill Switch Status /dev/rfkill Watch.
         Stopping System Logging Service...
[[0;32m  OK  [0m] Stopped Apply the settings specified in cloud-config.
[[0;32m  OK  [0m] Stopped Wait until snapd is fully seeded.
[[0;32m  OK  [0m] Stopped target Cloud-config availability.
[[0;32m  OK  [0m] Unmounted /var/lib/lxcfs.
[[0;32m  OK  [0m] Stopped Accounts Service.
[[0;32m  OK  [0m] Stopped Deferred execution scheduler.
[[0;32m  OK  [0m] Stopped System Logging Service.
[[0;32m  OK  [0m] Stopped ACPI event daemon.
[[0;32m  OK  [0m] Stopped Regular background program processing daemon.
[[0;32m  OK  [0m] Stopped Authenticate and Authorize Users to Run Privileged Tasks.
[[0;32m  OK  [0m] Stopped Serial Getty on ttyS0.
[[0;32m  OK  [0m] Stopped Getty on tty1.
[[0;32m  OK  [0m] Stopped OpenBSD Secure Shell server.
[[0;32m  OK  [0m] Stopped Docker Application Container Engine.
[[0;32m  OK  [0m] Stopped Login Service.
[[0;32m  OK  [0m] Stopped LSB: Set up cgroupfs mounts..
[[0;32m  OK  [0m] Stopped Ubuntu FAN network setup.
[[0;32m  OK  [0m] Stopped D-Bus System Message Bus.
[[0;32m  OK  [0m] Stopped FUSE filesystem for LXC.
[[0;32m  OK  [0m] Stopped LSB: MD monitoring daemon.
[[0;32m  OK  [0m] Stopped LXD - container startup/shutdown.
[[0;32m  OK  [0m] Stopped LSB: automatic crash report generation.
[[0;32m  OK  [0m] Stopped LSB: daemon to balance interrupts for SMP systems.
[[0;32m  OK  [0m] Stopped LSB: Set the CPU Frequency Scaling governor to "ondemand".
[[0;32m  OK  [0m] Stopped LSB: Record successful boot for GRUB.
[[0;32m  OK  [0m] Stopped Virtualbox guest utils.
         Stopping containerd container runtime...
[[0;32m  OK  [0m] Removed slice system-getty.slice.
[[0;32m  OK  [0m] Stopped /etc/rc.local Compatibility.
[[0;32m  OK  [0m] Removed slice system-serial\x2dgetty.slice.
         Stopping Permit User Sessions...
[[0;32m  OK  [0m] Stopped containerd container runtime.
[[0;32m  OK  [0m] Stopped Permit User Sessions.
[[0;32m  OK  [0m] Stopped target User and Group Name Lookups.
[[0;32m  OK  [0m] Stopped target Remote File Systems.
[[0;32m  OK  [0m] Stopped target Remote File Systems (Pre).
         Stopping Login to default iSCSI targets...
[[0;32m  OK  [0m] Stopped target Basic System.
[[0;32m  OK  [0m] Stopped target Sockets.
[[0;32m  OK  [0m] Closed Socket activation for snappy daemon.
[[0;32m  OK  [0m] Closed Docker Socket for the API.
[[0;32m  OK  [0m] Closed ACPID Listen Socket.
[[0;32m  OK  [0m] Closed D-Bus System Message Bus Socket.
[[0;32m  OK  [0m] Closed LXD - unix socket.
[[0;32m  OK  [0m] Closed Syslog Socket.
[[0;32m  OK  [0m] Closed UUID daemon activation socket.
[[0;32m  OK  [0m] Stopped target Slices.
[[0;32m  OK  [0m] Removed slice User and Session Slice.
[[0;32m  OK  [0m] Stopped target Paths.
[[0;32m  OK  [0m] Stopped Dispatch Password Requests to Console Directory Watch.
[[0;32m  OK  [0m] Stopped Forward Password Requests to Wall Directory Watch.
[[0;32m  OK  [0m] Stopped ACPI Events Check.
[[0;32m  OK  [0m] Stopped target System Initialization.
         Stopping Load/Save Random Seed...
[[0;32m  OK  [0m] Stopped target Swap.
[[0;32m  OK  [0m] Stopped target Encrypted Volumes.
         Stopping Update UTMP about System Boot/Shutdown...
[[0;32m  OK  [0m] Stopped Commit a transient machine-id on disk.
[[0;32m  OK  [0m] Stopped Load/Save Random Seed.
[[0;32m  OK  [0m] Stopped Login to default iSCSI targets.
[[0;32m  OK  [0m] Stopped Update UTMP about System Boot/Shutdown.
[[0;32m  OK  [0m] Stopped Create Volatile Files and Directories.
         Stopping iSCSI initiator daemon (iscsid)...
[[0;32m  OK  [0m] Stopped iSCSI initiator daemon (iscsid).
[[0;32m  OK  [0m] Stopped target Network is Online.
[[0;32m  OK  [0m] Stopped target Network.
[[0;32m  OK  [0m] Stopped Initial cloud-init job (metadata service crawler).
         Stopping Raise network interfaces...
[[0;32m  OK  [0m] Stopped Raise network interfaces.
[[0;32m  OK  [0m] Stopped target Local File Systems.
         Unmounting /vagrant...
[[0;32m  OK  [0m] Stopped target Network (Pre).
[[0;32m  OK  [0m] Stopped Initial cloud-init job (pre-networking).
[[0;32m  OK  [0m] Stopped Apply Kernel Variables.
[[0;32m  OK  [0m] Stopped Load Kernel Modules.
[[0;32m  OK  [0m] Unmounted /vagrant.
[[0;32m  OK  [0m] Reached target Unmount All Filesystems.
[[0;32m  OK  [0m] Stopped target Local File Systems (Pre).
[[0;32m  OK  [0m] Stopped Create Static Device Nodes in /dev.
         Stopping Monitoring of LVM2 mirrors... dmeventd or progress polling...
[[0;32m  OK  [0m] Stopped Remount Root and Kernel File Systems.
[[0;32m  OK  [0m] Reached target Shutdown.
[ 1574.725827] reboot: Power down
